Archive member included to satisfy reference by file (symbol)

C:/ST/STM32CubeIDE_1.15.1/STM32CubeIDE/plugins/com.st.stm32cube.ide.mcu.externaltools.gnu-tools-for-stm32.12.3.rel1.win32_1.1.0.202410251130/tools/bin/../lib/gcc/arm-none-eabi/12.3.1/../../../../arm-none-eabi/lib/thumb/v7e-m+fp/hard\libc_nano.a(libc_a-exit.o)
                              C:/ST/STM32CubeIDE_1.15.1/STM32CubeIDE/plugins/com.st.stm32cube.ide.mcu.externaltools.gnu-tools-for-stm32.12.3.rel1.win32_1.1.0.202410251130/tools/bin/../lib/gcc/arm-none-eabi/12.3.1/../../../../arm-none-eabi/lib/thumb/v7e-m+fp/hard/crt0.o (exit)
C:/ST/STM32CubeIDE_1.15.1/STM32CubeIDE/plugins/com.st.stm32cube.ide.mcu.externaltools.gnu-tools-for-stm32.12.3.rel1.win32_1.1.0.202410251130/tools/bin/../lib/gcc/arm-none-eabi/12.3.1/../../../../arm-none-eabi/lib/thumb/v7e-m+fp/hard\libc_nano.a(libc_a-findfp.o)
                              C:/ST/STM32CubeIDE_1.15.1/STM32CubeIDE/plugins/com.st.stm32cube.ide.mcu.externaltools.gnu-tools-for-stm32.12.3.rel1.win32_1.1.0.202410251130/tools/bin/../lib/gcc/arm-none-eabi/12.3.1/../../../../arm-none-eabi/lib/thumb/v7e-m+fp/hard\libc_nano.a(libc_a-exit.o) (__stdio_exit_handler)
C:/ST/STM32CubeIDE_1.15.1/STM32CubeIDE/plugins/com.st.stm32cube.ide.mcu.externaltools.gnu-tools-for-stm32.12.3.rel1.win32_1.1.0.202410251130/tools/bin/../lib/gcc/arm-none-eabi/12.3.1/../../../../arm-none-eabi/lib/thumb/v7e-m+fp/hard\libc_nano.a(libc_a-fwalk.o)
                              C:/ST/STM32CubeIDE_1.15.1/STM32CubeIDE/plugins/com.st.stm32cube.ide.mcu.externaltools.gnu-tools-for-stm32.12.3.rel1.win32_1.1.0.202410251130/tools/bin/../lib/gcc/arm-none-eabi/12.3.1/../../../../arm-none-eabi/lib/thumb/v7e-m+fp/hard\libc_nano.a(libc_a-findfp.o) (_fwalk_sglue)
C:/ST/STM32CubeIDE_1.15.1/STM32CubeIDE/plugins/com.st.stm32cube.ide.mcu.externaltools.gnu-tools-for-stm32.12.3.rel1.win32_1.1.0.202410251130/tools/bin/../lib/gcc/arm-none-eabi/12.3.1/../../../../arm-none-eabi/lib/thumb/v7e-m+fp/hard\libc_nano.a(libc_a-printf.o)
                              ./Core/Src/main.o (printf)
C:/ST/STM32CubeIDE_1.15.1/STM32CubeIDE/plugins/com.st.stm32cube.ide.mcu.externaltools.gnu-tools-for-stm32.12.3.rel1.win32_1.1.0.202410251130/tools/bin/../lib/gcc/arm-none-eabi/12.3.1/../../../../arm-none-eabi/lib/thumb/v7e-m+fp/hard\libc_nano.a(libc_a-putchar.o)
                              ./STM32_WPAN/App/custom_stm.o (putchar)
C:/ST/STM32CubeIDE_1.15.1/STM32CubeIDE/plugins/com.st.stm32cube.ide.mcu.externaltools.gnu-tools-for-stm32.12.3.rel1.win32_1.1.0.202410251130/tools/bin/../lib/gcc/arm-none-eabi/12.3.1/../../../../arm-none-eabi/lib/thumb/v7e-m+fp/hard\libc_nano.a(libc_a-stdio.o)
                              C:/ST/STM32CubeIDE_1.15.1/STM32CubeIDE/plugins/com.st.stm32cube.ide.mcu.externaltools.gnu-tools-for-stm32.12.3.rel1.win32_1.1.0.202410251130/tools/bin/../lib/gcc/arm-none-eabi/12.3.1/../../../../arm-none-eabi/lib/thumb/v7e-m+fp/hard\libc_nano.a(libc_a-findfp.o) (__sread)
C:/ST/STM32CubeIDE_1.15.1/STM32CubeIDE/plugins/com.st.stm32cube.ide.mcu.externaltools.gnu-tools-for-stm32.12.3.rel1.win32_1.1.0.202410251130/tools/bin/../lib/gcc/arm-none-eabi/12.3.1/../../../../arm-none-eabi/lib/thumb/v7e-m+fp/hard\libc_nano.a(libc_a-vprintf.o)
                              ./Middlewares/ST/STM32_WPAN/utilities/dbg_trace.o (vprintf)
C:/ST/STM32CubeIDE_1.15.1/STM32CubeIDE/plugins/com.st.stm32cube.ide.mcu.externaltools.gnu-tools-for-stm32.12.3.rel1.win32_1.1.0.202410251130/tools/bin/../lib/gcc/arm-none-eabi/12.3.1/../../../../arm-none-eabi/lib/thumb/v7e-m+fp/hard\libc_nano.a(libc_a-memcmp.o)
                              ./Middlewares/ST/STM32_WPAN/ble/core/template/osal.o (memcmp)
C:/ST/STM32CubeIDE_1.15.1/STM32CubeIDE/plugins/com.st.stm32cube.ide.mcu.externaltools.gnu-tools-for-stm32.12.3.rel1.win32_1.1.0.202410251130/tools/bin/../lib/gcc/arm-none-eabi/12.3.1/../../../../arm-none-eabi/lib/thumb/v7e-m+fp/hard\libc_nano.a(libc_a-memset.o)
                              C:/ST/STM32CubeIDE_1.15.1/STM32CubeIDE/plugins/com.st.stm32cube.ide.mcu.externaltools.gnu-tools-for-stm32.12.3.rel1.win32_1.1.0.202410251130/tools/bin/../lib/gcc/arm-none-eabi/12.3.1/../../../../arm-none-eabi/lib/thumb/v7e-m+fp/hard/crt0.o (memset)
C:/ST/STM32CubeIDE_1.15.1/STM32CubeIDE/plugins/com.st.stm32cube.ide.mcu.externaltools.gnu-tools-for-stm32.12.3.rel1.win32_1.1.0.202410251130/tools/bin/../lib/gcc/arm-none-eabi/12.3.1/../../../../arm-none-eabi/lib/thumb/v7e-m+fp/hard\libc_nano.a(libc_a-strrchr.o)
                              ./Middlewares/ST/STM32_WPAN/utilities/dbg_trace.o (strrchr)
C:/ST/STM32CubeIDE_1.15.1/STM32CubeIDE/plugins/com.st.stm32cube.ide.mcu.externaltools.gnu-tools-for-stm32.12.3.rel1.win32_1.1.0.202410251130/tools/bin/../lib/gcc/arm-none-eabi/12.3.1/../../../../arm-none-eabi/lib/thumb/v7e-m+fp/hard\libc_nano.a(libc_a-closer.o)
[...]
Memory Configuration

Name             Origin             Length             Attributes
FLASH            0x08000000         0x0001b800         xr
RAM              0x20000008         0x00002ff8         xrw
RAM_SHARED       0x20030000         0x00002800         xrw
*default*        0x00000000         0xffffffff

Linker script and memory map

LOAD C:/ST/STM32CubeIDE_1.15.1/STM32CubeIDE/plugins/com.st.stm32cube.ide.mcu.externaltools.gnu-tools-for-stm32.12.3.rel1.win32_1.1.0.202410251130/tools/bin/../lib/gcc/arm-none-eabi/12.3.1/thumb/v7e-m+fp/hard/crti.o
LOAD C:/ST/STM32CubeIDE_1.15.1/STM32CubeIDE/plugins/com.st.stm32cube.ide.mcu.externaltools.gnu-tools-for-stm32.12.3.rel1.win32_1.1.0.202410251130/tools/bin/../lib/gcc/arm-none-eabi/12.3.1/thumb/v7e-m+fp/hard/crtbegin.o
LOAD C:/ST/STM32CubeIDE_1.15.1/STM32CubeIDE/plugins/com.st.stm32cube.ide.mcu.externaltools.gnu-tools-for-stm32.12.3.rel1.win32_1.1.0.202410251130/tools/bin/../lib/gcc/arm-none-eabi/12.3.1/../../../../arm-none-eabi/lib/thumb/v7e-m+fp/hard/crt0.o
LOAD ./Core/Src/app_debug.o
LOAD ./Core/Src/app_entry.o
LOAD ./Core/Src/hw_timerserver.o
LOAD ./Core/Src/main.o
LOAD ./Core/Src/standby.o
LOAD ./Core/Src/stm32_lpm_if.o
LOAD ./Core/Src/stm32wbxx_hal_msp.o
LOAD ./Core/Src/stm32wbxx_it.o
LOAD ./Core/Src/syscalls.o
LOAD ./Core/Src/sysmem.o
LOAD ./Core/Src/system_stm32wbxx.o
LOAD ./Core/Startup/startup_stm32wb15ccux.o
LOAD ./Drivers/BSP/NUCLEO-WB15CC/nucleo_wb15cc.o
LOAD ./Drivers/STM32WBxx_HAL_Driver/Src/stm32wbxx_hal.o
LOAD ./Drivers/STM32WBxx_HAL_Driver/Src/stm32wbxx_hal_cortex.o
LOAD ./Drivers/STM32WBxx_HAL_Driver/Src/stm32wbxx_hal_dma.o
LOAD ./Drivers/STM32WBxx_HAL_Driver/Src/stm32wbxx_hal_dma_ex.o
LOAD ./Drivers/STM32WBxx_HAL_Driver/Src/stm32wbxx_hal_exti.o
LOAD ./Drivers/STM32WBxx_HAL_Driver/Src/stm32wbxx_hal_flash.o
LOAD ./Drivers/STM32WBxx_HAL_Driver/Src/stm32wbxx_hal_flash_ex.o
LOAD ./Drivers/STM32WBxx_HAL_Driver/Src/stm32wbxx_hal_gpio.o
LOAD ./Drivers/STM32WBxx_HAL_Driver/Src/stm32wbxx_hal_hsem.o
LOAD ./Drivers/STM32WBxx_HAL_Driver/Src/stm32wbxx_hal_ipcc.o
LOAD ./Drivers/STM32WBxx_HAL_Driver/Src/stm32wbxx_hal_pwr.o
LOAD ./Drivers/STM32WBxx_HAL_Driver/Src/stm32wbxx_hal_pwr_ex.o
LOAD ./Drivers/STM32WBxx_HAL_Driver/Src/stm32wbxx_hal_rcc.o
LOAD ./Drivers/STM32WBxx_HAL_Driver/Src/stm32wbxx_hal_rcc_ex.o
LOAD ./Drivers/STM32WBxx_HAL_Driver/Src/stm32wbxx_hal_rtc.o
LOAD ./Drivers/STM32WBxx_HAL_Driver/Src/stm32wbxx_hal_rtc_ex.o
LOAD ./Drivers/STM32WBxx_HAL_Driver/Src/stm32wbxx_hal_uart.o
LOAD ./Drivers/STM32WBxx_HAL_Driver/Src/stm32wbxx_hal_uart_ex.o
LOAD ./Drivers/STM32WBxx_HAL_Driver/Src/stm32wbxx_hal_usart.o
LOAD ./Drivers/STM32WBxx_HAL_Driver/Src/stm32wbxx_hal_usart_ex.o
LOAD ./Drivers/STM32WBxx_HAL_Driver/Src/stm32wbxx_ll_rcc.o
LOAD ./Middlewares/ST/STM32_WPAN/ble/core/auto/ble_events.o
LOAD ./Middlewares/ST/STM32_WPAN/ble/core/auto/ble_gap_aci.o
LOAD ./Middlewares/ST/STM32_WPAN/ble/core/auto/ble_gatt_aci.o
LOAD ./Middlewares/ST/STM32_WPAN/ble/core/auto/ble_hal_aci.o
LOAD ./Middlewares/ST/STM32_WPAN/ble/core/auto/ble_hci_le.o
LOAD ./Middlewares/ST/STM32_WPAN/ble/core/auto/ble_l2cap_aci.o
LOAD ./Middlewares/ST/STM32_WPAN/ble/core/template/osal.o
LOAD ./Middlewares/ST/STM32_WPAN/ble/svc/Src/svc_ctl.o
LOAD ./Middlewares/ST/STM32_WPAN/interface/patterns/ble_thread/shci/shci.o
LOAD ./Middlewares/ST/STM32_WPAN/interface/patterns/ble_thread/tl/hci_tl.o
LOAD ./Middlewares/ST/STM32_WPAN/interface/patterns/ble_thread/tl/hci_tl_if.o
LOAD ./Middlewares/ST/STM32_WPAN/interface/patterns/ble_thread/tl/shci_tl.o
LOAD ./Middlewares/ST/STM32_WPAN/interface/patterns/ble_thread/tl/shci_tl_if.o
LOAD ./Middlewares/ST/STM32_WPAN/interface/patterns/ble_thread/tl/tl_mbox.o
LOAD ./Middlewares/ST/STM32_WPAN/utilities/dbg_trace.o
LOAD ./Middlewares/ST/STM32_WPAN/utilities/otp.o
LOAD ./Middlewares/ST/STM32_WPAN/utilities/stm_list.o
LOAD ./Middlewares/ST/STM32_WPAN/utilities/stm_queue.o
LOAD ./STM32_WPAN/App/app_ble.o
LOAD ./STM32_WPAN/App/custom_app.o
LOAD ./STM32_WPAN/App/custom_stm.o
LOAD ./STM32_WPAN/Target/hw_ipcc.o
LOAD ./Utilities/lpm/tiny_lpm/stm32_lpm.o
LOAD ./Utilities/sequencer/stm32_seq.o
START GROUP
LOAD C:/ST/STM32CubeIDE_1.15.1/STM32CubeIDE/plugins/com.st.stm32cube.ide.mcu.externaltools.gnu-tools-for-stm32.12.3.rel1.win32_1.1.0.202410251130/tools/bin/../lib/gcc/arm-none-eabi/12.3.1/../../../../arm-none-eabi/lib/thumb/v7e-m+fp/hard\libc_nano.a
LOAD C:/ST/STM32CubeIDE_1.15.1/STM32CubeIDE/plugins/com.st.stm32cube.ide.mcu.externaltools.gnu-tools-for-stm32.12.3.rel1.win32_1.1.0.202410251130/tools/bin/../lib/gcc/arm-none-eabi/12.3.1/../../../../arm-none-eabi/lib/thumb/v7e-m+fp/hard\libm.a
END GROUP
START GROUP
LOAD C:/ST/STM32CubeIDE_1.15.1/STM32CubeIDE/plugins/com.st.stm32cube.ide.mcu.externaltools.gnu-tools-for-stm32.12.3.rel1.win32_1.1.0.202410251130/tools/bin/../lib/gcc/arm-none-eabi/12.3.1/thumb/v7e-m+fp/hard\libgcc.a
LOAD C:/ST/STM32CubeIDE_1.15.1/STM32CubeIDE/plugins/com.st.stm32cube.ide.mcu.externaltools.gnu-tools-for-stm32.12.3.rel1.win32_1.1.0.202410251130/tools/bin/../lib/gcc/arm-none-eabi/12.3.1/../../../../arm-none-eabi/lib/thumb/v7e-m+fp/hard\libc_nano.a
END GROUP
START GROUP
LOAD C:/ST/STM32CubeIDE_1.15.1/STM32CubeIDE/plugins/com.st.stm32cube.ide.mcu.externaltools.gnu-tools-for-stm32.12.3.rel1.win32_1.1.0.202410251130/tools/bin/../lib/gcc/arm-none-eabi/12.3.1/thumb/v7e-m+fp/hard\libgcc.a
LOAD C:/ST/STM32CubeIDE_1.15.1/STM32CubeIDE/plugins/com.st.stm32cube.ide.mcu.externaltools.gnu-tools-for-stm32.12.3.rel1.win32_1.1.0.202410251130/tools/bin/../lib/gcc/arm-none-eabi/12.3.1/../../../../arm-none-eabi/lib/thumb/v7e-m+fp/hard\libc_nano.a
LOAD C:/ST/STM32CubeIDE_1.15.1/STM32CubeIDE/plugins/com.st.stm32cube.ide.mcu.externaltools.gnu-tools-for-stm32.12.3.rel1.win32_1.1.0.202410251130/tools/bin/../lib/gcc/arm-none-eabi/12.3.1/../../../../arm-none-eabi/lib/thumb/v7e-m+fp/hard\libnosys.a
END GROUP
START GROUP
LOAD C:/ST/STM32CubeIDE_1.15.1/STM32CubeIDE/plugins/com.st.stm32cube.ide.mcu.externaltools.gnu-tools-for-stm32.12.3.rel1.win32_1.1.0.202410251130/tools/bin/../lib/gcc/arm-none-eabi/12.3.1/thumb/v7e-m+fp/hard\libgcc.a
LOAD C:/ST/STM32CubeIDE_1.15.1/STM32CubeIDE/plugins/com.st.stm32cube.ide.mcu.externaltools.gnu-tools-for-stm32.12.3.rel1.win32_1.1.0.202410251130/tools/bin/../lib/gcc/arm-none-eabi/12.3.1/../../../../arm-none-eabi/lib/thumb/v7e-m+fp/hard\libc_nano.a
LOAD C:/ST/STM32CubeIDE_1.15.1/STM32CubeIDE/plugins/com.st.stm32cube.ide.mcu.externaltools.gnu-tools-for-stm32.12.3.rel1.win32_1.1.0.202410251130/tools/bin/../lib/gcc/arm-none-eabi/12.3.1/../../../../arm-none-eabi/lib/thumb/v7e-m+fp/hard\libnosys.a
END GROUP
LOAD C:/ST/STM32CubeIDE_1.15.1/STM32CubeIDE/plugins/com.st.stm32cube.ide.mcu.externaltools.gnu-tools-for-stm32.12.3.rel1.win32_1.1.0.202410251130/tools/bin/../lib/gcc/arm-none-eabi/12.3.1/thumb/v7e-m+fp/hard/crtend.o
LOAD C:/ST/STM32CubeIDE_1.15.1/STM32CubeIDE/plugins/com.st.stm32cube.ide.mcu.externaltools.gnu-tools-for-stm32.12.3.rel1.win32_1.1.0.202410251130/tools/bin/../lib/gcc/arm-none-eabi/12.3.1/thumb/v7e-m+fp/hard/crtn.o
                0x20003000                        _estack = (ORIGIN (RAM) + LENGTH (RAM))
                0x00000200                        _Min_Heap_Size = 0x200
                0x00000400                        _Min_Stack_Size = 0x400

.isr_vector     0x08000000      0x13c
                0x08000000                        . = ALIGN (0x4)
 *(.isr_vector)
 .isr_vector    0x08000000      0x13c ./Core/Startup/startup_stm32wb15ccux.o
                0x08000000                g_pfnVectors
                0x0800013c                        . = ALIGN (0x4)

.text           0x08000140     0x92bc
                0x08000140                        . = ALIGN (0x4)
 *(.text)
 .text          0x08000140       0x40 C:/ST/STM32CubeIDE_1.15.1/STM32CubeIDE/plugins/com.st.stm32cube.ide.mcu.externaltools.gnu-tools-for-stm32.12.3.rel1.win32_1.1.0.202410251130/tools/bin/../lib/gcc/arm-none-eabi/12.3.1/thumb/v7e-m+fp/hard/crtbegin.o
 .text          0x08000180       0x10 C:/ST/STM32CubeIDE_1.15.1/STM32CubeIDE/plugins/com.st.stm32cube.ide.mcu.externaltools.gnu-tools-for-stm32.12.3.rel1.win32_1.1.0.202410251130/tools/bin/../lib/gcc/arm-none-eabi/12.3.1/../../../../arm-none-eabi/lib/thumb/v7e-m+fp/hard\libc_nano.a(libc_a-strlen.o)
                0x08000180                strlen
 .text          0x08000190       0xa0 C:/ST/STM32CubeIDE_1.15.1/STM32CubeIDE/plugins/com.st.stm32cube.ide.mcu.externaltools.gnu-tools-for-stm32.12.3.rel1.win32_1.1.0.202410251130/tools/bin/../lib/gcc/arm-none-eabi/12.3.1/../../../../arm-none-eabi/lib/thumb/v7e-m+fp/hard\libc_nano.a(libc_a-memchr.o)
                0x08000190                memchr
 .text          0x08000230       0x30 C:/ST/STM32CubeIDE_1.15.1/STM32CubeIDE/plugins/com.st.stm32cube.ide.mcu.externaltools.gnu-tools-for-stm32.12.3.rel1.win32_1.1.0.202410251130/tools/bin/../lib/gcc/arm-none-eabi/12.3.1/thumb/v7e-m+fp/hard\libgcc.a(_aeabi_uldivmod.o)
                0x08000230                __aeabi_uldivmod
 .text          0x08000260      0x2bc C:/ST/STM32CubeIDE_1.15.1/STM32CubeIDE/plugins/com.st.stm32cube.ide.mcu.externaltools.gnu-tools-for-stm32.12.3.rel1.win32_1.1.0.202410251130/tools/bin/../lib/gcc/arm-none-eabi/12.3.1/thumb/v7e-m+fp/hard\libgcc.a(_udivmoddi4.o)
                0x08000260                __udivmoddi4
 .text          0x0800051c        0x4 C:/ST/STM32CubeIDE_1.15.1/STM32CubeIDE/plugins/com.st.stm32cube.ide.mcu.externaltools.gnu-tools-for-stm32.12.3.rel1.win32_1.1.0.202410251130/tools/bin/../lib/gcc/arm-none-eabi/12.3.1/thumb/v7e-m+fp/hard\libgcc.a(_dvmd_tls.o)
                0x0800051c                __aeabi_idiv0
                0x0800051c                __aeabi_ldiv0
 *(.text*)
 .text.APPD_EnableCPU2
                0x08000520       0x78 ./Core/Src/app_debug.o
                0x08000520                APPD_EnableCPU2
 .text.LL_C2_PWR_SetPowerMode
                0x08000598       0x2c ./Core/Src/app_entry.o
 .text.LL_EXTI_EnableIT_32_63
                0x080005c4       0x28 ./Core/Src/app_entry.o
 .text.LL_RCC_HSE_SetCapacitorTuning
                0x080005ec       0x3c ./Core/Src/app_entry.o
 .text.LL_RCC_SetClkAfterWakeFromStop
                0x08000628       0x28 ./Core/Src/app_entry.o
 .text.LL_DBGMCU_GetDeviceID
                0x08000650       0x1c ./Core/Src/app_entry.o
 .text.LL_DBGMCU_GetRevisionID
                0x0800066c       0x1c ./Core/Src/app_entry.o
 .text.LL_RTC_EnableWriteProtection
                0x08000688       0x1a ./Core/Src/app_entry.o
 .text.LL_RTC_DisableWriteProtection
                0x080006a2       0x20 ./Core/Src/app_entry.o
 .text.LL_RTC_WAKEUP_SetClock
                0x080006c2       0x26 ./Core/Src/app_entry.o
 .text.MX_APPE_Config
                0x080006e8       0x1c ./Core/Src/app_entry.o
                0x080006e8                MX_APPE_Config
 .text.MX_APPE_Init
                0x08000704       0x20 ./Core/Src/app_entry.o
                0x08000704                MX_APPE_Init
 .text.Init_Smps
                0x08000724        0xe ./Core/Src/app_entry.o
                0x08000724                Init_Smps
 .text.Init_Exti
                0x08000732        0xe ./Core/Src/app_entry.o
                0x08000732                Init_Exti
 .text.Reset_Device
                0x08000740        0xe ./Core/Src/app_entry.o
 .text.Config_HSE
                0x0800074e       0x28 ./Core/Src/app_entry.o
 .text.System_Init
                0x08000776       0x14 ./Core/Src/app_entry.o
 *fill*         0x0800078a        0x2 
 .text.Init_Rtc
                0x0800078c       0x20 ./Core/Src/app_entry.o
 .text.SystemPower_Config
                0x080007ac       0x1e ./Core/Src/app_entry.o
 *fill*         0x080007ca        0x2 
 .text.appe_Tl_Init
                0x080007cc       0x6c ./Core/Src/app_entry.o
 .text.APPE_SysStatusNot
                0x08000838       0x16 ./Core/Src/app_entry.o
 *fill*         0x0800084e        0x2 
 .text.APPE_SysUserEvtRx
                0x08000850       0x68 ./Core/Src/app_entry.o
 .text.APPE_SysEvtError
                0x080008b8       0x22 ./Core/Src/app_entry.o
 .text.APPE_SysEvtReadyProcessing
                0x080008da       0x88 ./Core/Src/app_entry.o
 .text.MX_APPE_Process
                0x08000962       0x10 ./Core/Src/app_entry.o
                0x08000962                MX_APPE_Process
 .text.UTIL_SEQ_Idle
                0x08000972        0xe ./Core/Src/app_entry.o
                0x08000972                UTIL_SEQ_Idle
 .text.UTIL_SEQ_EvtIdle
                0x08000980       0x1a ./Core/Src/app_entry.o
                0x08000980                UTIL_SEQ_EvtIdle
 .text.shci_notify_asynch_evt
                0x0800099a       0x18 ./Core/Src/app_entry.o
                0x0800099a                shci_notify_asynch_evt
 .text.shci_cmd_resp_release
                0x080009b2       0x16 ./Core/Src/app_entry.o
                0x080009b2                shci_cmd_resp_release
 .text.shci_cmd_resp_wait
                0x080009c8       0x16 ./Core/Src/app_entry.o
                0x080009c8                shci_cmd_resp_wait
 *fill*         0x080009de        0x2 
 .text.LL_EXTI_EnableIT_0_31
                0x080009e0       0x28 ./Core/Src/hw_timerserver.o
 .text.LL_EXTI_EnableRisingTrig_0_31
                0x08000a08       0x24 ./Core/Src/hw_timerserver.o
 .text.ReadRtcSsrValue
                0x08000a2c       0x40 ./Core/Src/hw_timerserver.o
 .text.LinkTimerAfter
                0x08000a6c       0x8c ./Core/Src/hw_timerserver.o
 .text.LinkTimerBefore
                0x08000af8       0xc0 ./Core/Src/hw_timerserver.o
 .text.linkTimer
                0x08000bb8      0x154 ./Core/Src/hw_timerserver.o
 .text.UnlinkTimer
                0x08000d0c      0x108 ./Core/Src/hw_timerserver.o
 .text.ReturnTimeElapsed
                0x08000e14       0x80 ./Core/Src/hw_timerserver.o
 .text.RestartWakeupCounter
                0x08000e94       0xb0 ./Core/Src/hw_timerserver.o
 .text.RescheduleTimerList
                0x08000f44      0x134 ./Core/Src/hw_timerserver.o
 .text.HW_TS_RTC_Wakeup_Handler
                0x08001078      0x190 ./Core/Src/hw_timerserver.o
                0x08001078                HW_TS_RTC_Wakeup_Handler
 .text.HW_TS_Init
                0x08001208      0x1b4 ./Core/Src/hw_timerserver.o
                0x08001208                HW_TS_Init
 .text.HW_TS_Stop
                0x080013bc      0x108 ./Core/Src/hw_timerserver.o
                0x080013bc                HW_TS_Stop
 .text.HW_TS_Start
                0x080014c4      0x10c ./Core/Src/hw_timerserver.o
                0x080014c4                HW_TS_Start
 .text.HW_TS_RTC_Int_AppNot
                0x080015d0       0x1a ./Core/Src/hw_timerserver.o
                0x080015d0                HW_TS_RTC_Int_AppNot
 .text.LL_RCC_LSE_SetDriveCapability
                0x080015ea       0x2c ./Core/Src/main.o
 .text.LL_AHB2_GRP1_EnableClock
                0x08001616       0x32 ./Core/Src/main.o
 .text.__io_putchar
                0x08001648       0x30 ./Core/Src/main.o
                0x08001648                __io_putchar
 .text.main     0x08001678       0x68 ./Core/Src/main.o
                0x08001678                main
 .text.SystemClock_Config
                0x080016e0       0xa8 ./Core/Src/main.o
                0x080016e0                SystemClock_Config
 .text.PeriphCommonClock_Config
                0x08001788       0x40 ./Core/Src/main.o
                0x08001788                PeriphCommonClock_Config
 .text.MX_IPCC_Init
                0x080017c8       0x28 ./Core/Src/main.o
 .text.MX_RF_Init
                0x080017f0        0xe ./Core/Src/main.o
 *fill*         0x080017fe        0x2 
 .text.MX_RTC_Init
                0x08001800       0x60 ./Core/Src/main.o
 .text.MX_USART1_UART_Init
                0x08001860       0x98 ./Core/Src/main.o
 .text.MX_GPIO_Init
                0x080018f8       0x1a ./Core/Src/main.o
 .text.Error_Handler
                0x08001912        0xc ./Core/Src/main.o
                0x08001912                Error_Handler
 .text.LL_RCC_EnableRTC
                0x0800191e       0x22 ./Core/Src/stm32wbxx_hal_msp.o
 .text.LL_AHB2_GRP1_EnableClock
                0x08001940       0x32 ./Core/Src/stm32wbxx_hal_msp.o
 .text.LL_AHB3_GRP1_EnableClock
                0x08001972       0x32 ./Core/Src/stm32wbxx_hal_msp.o
 .text.LL_APB1_GRP1_EnableClock
                0x080019a4       0x32 ./Core/Src/stm32wbxx_hal_msp.o
 .text.LL_APB2_GRP1_EnableClock
                0x080019d6       0x32 ./Core/Src/stm32wbxx_hal_msp.o
 .text.HAL_MspInit
                0x08001a08       0x20 ./Core/Src/stm32wbxx_hal_msp.o
                0x08001a08                HAL_MspInit
 .text.HAL_IPCC_MspInit
                0x08001a28       0x48 ./Core/Src/stm32wbxx_hal_msp.o
                0x08001a28                HAL_IPCC_MspInit
 .text.HAL_RTC_MspInit
                0x08001a70       0x68 ./Core/Src/stm32wbxx_hal_msp.o
                0x08001a70                HAL_RTC_MspInit
 .text.HAL_UART_MspInit
                0x08001ad8       0x8c ./Core/Src/stm32wbxx_hal_msp.o
                0x08001ad8                HAL_UART_MspInit
 .text.NMI_Handler
                0x08001b64        0x8 ./Core/Src/stm32wbxx_it.o
                0x08001b64                NMI_Handler
 .text.HardFault_Handler
                0x08001b6c        0x8 ./Core/Src/stm32wbxx_it.o
                0x08001b6c                HardFault_Handler
 .text.MemManage_Handler
                0x08001b74        0x8 ./Core/Src/stm32wbxx_it.o
                0x08001b74                MemManage_Handler
 .text.BusFault_Handler
                0x08001b7c        0x8 ./Core/Src/stm32wbxx_it.o
                0x08001b7c                BusFault_Handler
 .text.UsageFault_Handler
                0x08001b84        0x8 ./Core/Src/stm32wbxx_it.o
                0x08001b84                UsageFault_Handler
 .text.SVC_Handler
                0x08001b8c        0xe ./Core/Src/stm32wbxx_it.o
                0x08001b8c                SVC_Handler
 .text.DebugMon_Handler
                0x08001b9a        0xe ./Core/Src/stm32wbxx_it.o
                0x08001b9a                DebugMon_Handler
 .text.PendSV_Handler
                0x08001ba8        0xe ./Core/Src/stm32wbxx_it.o
                0x08001ba8                PendSV_Handler
 .text.SysTick_Handler
                0x08001bb6        0xc ./Core/Src/stm32wbxx_it.o
                0x08001bb6                SysTick_Handler
 .text.RTC_WKUP_IRQHandler
                0x08001bc2        0xc ./Core/Src/stm32wbxx_it.o
                0x08001bc2                RTC_WKUP_IRQHandler
 .text.IPCC_C1_RX_IRQHandler
                0x08001bce        0xc ./Core/Src/stm32wbxx_it.o
                0x08001bce                IPCC_C1_RX_IRQHandler
 .text.IPCC_C1_TX_IRQHandler
                0x08001bda        0xc ./Core/Src/stm32wbxx_it.o
                0x08001bda                IPCC_C1_TX_IRQHandler
 .text.HSEM_IRQHandler
                0x08001be6        0xc ./Core/Src/stm32wbxx_it.o
                0x08001be6                HSEM_IRQHandler
 .text._read    0x08001bf2       0x3a ./Core/Src/syscalls.o
                0x08001bf2                _read
 .text._write   0x08001c2c       0x38 ./Core/Src/syscalls.o
                0x08001c2c                _write
 .text._close   0x08001c64       0x18 ./Core/Src/syscalls.o
                0x08001c64                _close
 .text._fstat   0x08001c7c       0x20 ./Core/Src/syscalls.o
                0x08001c7c                _fstat
 .text._isatty  0x08001c9c       0x16 ./Core/Src/syscalls.o
                0x08001c9c                _isatty
 .text._lseek   0x08001cb2       0x1a ./Core/Src/syscalls.o
                0x08001cb2                _lseek
 .text._sbrk    0x08001ccc       0x6c ./Core/Src/sysmem.o
                0x08001ccc                _sbrk
 .text.SystemInit
                0x08001d38       0x9c ./Core/Src/system_stm32wbxx.o
                0x08001d38                SystemInit
 .text.data_initializers
                0x08001dd4       0x18 ./Core/Startup/startup_stm32wb15ccux.o
 .text.Reset_Handler
                0x08001dec       0x58 ./Core/Startup/startup_stm32wb15ccux.o
                0x08001dec                Reset_Handler
 .text.Default_Handler
                0x08001e44        0x2 ./Core/Startup/startup_stm32wb15ccux.o
                0x08001e44                RTC_Alarm_IRQHandler
                0x08001e44                EXTI2_IRQHandler
                0x08001e44                TIM1_CC_IRQHandler
                0x08001e44                TSC_IRQHandler
                0x08001e44                EXTI3_IRQHandler
                0x08001e44                LPTIM2_IRQHandler
                0x08001e44                EXTI0_IRQHandler
                0x08001e44                FPU_IRQHandler
                0x08001e44                SPI1_IRQHandler
                0x08001e44                DMA1_Channel4_IRQHandler
                0x08001e44                ADC1_IRQHandler
                0x08001e44                PWR_SOTF_BLEACT_RFPHASE_IRQHandler
                0x08001e44                PKA_IRQHandler
                0x08001e44                DMA1_Channel7_IRQHandler
                0x08001e44                I2C1_EV_IRQHandler
                0x08001e44                DMAMUX1_OVR_IRQHandler
                0x08001e44                DMA1_Channel6_IRQHandler
                0x08001e44                RCC_IRQHandler
                0x08001e44                TIM1_TRG_COM_IRQHandler
                0x08001e44                DMA1_Channel1_IRQHandler
                0x08001e44                Default_Handler
                0x08001e44                EXTI15_10_IRQHandler
                0x08001e44                C2SEV_PWR_C2H_IRQHandler
                0x08001e44                AES2_IRQHandler
                0x08001e44                EXTI9_5_IRQHandler
                0x08001e44                PVD_PVM_IRQHandler
                0x08001e44                DMA1_Channel5_IRQHandler
                0x08001e44                EXTI4_IRQHandler
                0x08001e44                RNG_IRQHandler
                0x08001e44                TAMP_STAMP_LSECSS_IRQHandler
                0x08001e44                DMA1_Channel3_IRQHandler
                0x08001e44                COMP_IRQHandler
                0x08001e44                TIM1_UP_IRQHandler
                0x08001e44                WWDG_IRQHandler
                0x08001e44                LPUART1_IRQHandler
                0x08001e44                TIM2_IRQHandler
                0x08001e44                TIM1_BRK_IRQHandler
                0x08001e44                EXTI1_IRQHandler
                0x08001e44                DMA1_Channel2_IRQHandler
                0x08001e44                FLASH_IRQHandler
                0x08001e44                USART1_IRQHandler
                0x08001e44                I2C1_ER_IRQHandler
                0x08001e44                LPTIM1_IRQHandler
 .text.LL_AHB2_GRP1_EnableClock
                0x08001e46       0x32 ./Drivers/BSP/NUCLEO-WB15CC/nucleo_wb15cc.o
 .text.BSP_LED_Init
                0x08001e78       0x74 ./Drivers/BSP/NUCLEO-WB15CC/nucleo_wb15cc.o
                0x08001e78                BSP_LED_Init
 .text.BSP_PB_Init
                0x08001eec      0x10c ./Drivers/BSP/NUCLEO-WB15CC/nucleo_wb15cc.o
                0x08001eec                BSP_PB_Init
 .text.BSP_PB_Callback
                0x08001ff8       0x16 ./Drivers/BSP/NUCLEO-WB15CC/nucleo_wb15cc.o
                0x08001ff8                BSP_PB_Callback
 .text.BUTTON_SW1_EXTI_Callback
                0x0800200e        0xe ./Drivers/BSP/NUCLEO-WB15CC/nucleo_wb15cc.o
 .text.BUTTON_SW2_EXTI_Callback
                0x0800201c        0xe ./Drivers/BSP/NUCLEO-WB15CC/nucleo_wb15cc.o
 .text.BUTTON_SW3_EXTI_Callback
                0x0800202a        0xe ./Drivers/BSP/NUCLEO-WB15CC/nucleo_wb15cc.o
 .text.HAL_Init
                0x08002038       0x40 ./Drivers/STM32WBxx_HAL_Driver/Src/stm32wbxx_hal.o
                0x08002038                HAL_Init
 .text.HAL_InitTick
                0x08002078       0x74 ./Drivers/STM32WBxx_HAL_Driver/Src/stm32wbxx_hal.o
                0x08002078                HAL_InitTick
 .text.HAL_IncTick
                0x080020ec       0x28 ./Drivers/STM32WBxx_HAL_Driver/Src/stm32wbxx_hal.o
                0x080020ec                HAL_IncTick
 .text.HAL_GetTick
                0x08002114       0x18 ./Drivers/STM32WBxx_HAL_Driver/Src/stm32wbxx_hal.o
                0x08002114                HAL_GetTick
 .text.HAL_GetTickPrio
                0x0800212c       0x18 ./Drivers/STM32WBxx_HAL_Driver/Src/stm32wbxx_hal.o
                0x0800212c                HAL_GetTickPrio
 .text.__NVIC_SetPriorityGrouping
                0x08002144       0x48 ./Drivers/STM32WBxx_HAL_Driver/Src/stm32wbxx_hal_cortex.o
 .text.__NVIC_GetPriorityGrouping
                0x0800218c       0x1c ./Drivers/STM32WBxx_HAL_Driver/Src/stm32wbxx_hal_cortex.o
 .text.__NVIC_EnableIRQ
                0x080021a8       0x3c ./Drivers/STM32WBxx_HAL_Driver/Src/stm32wbxx_hal_cortex.o
 .text.__NVIC_DisableIRQ
                0x080021e4       0x48 ./Drivers/STM32WBxx_HAL_Driver/Src/stm32wbxx_hal_cortex.o
 .text.__NVIC_SetPendingIRQ
                0x0800222c       0x3c ./Drivers/STM32WBxx_HAL_Driver/Src/stm32wbxx_hal_cortex.o
 .text.__NVIC_ClearPendingIRQ
                0x08002268       0x3c ./Drivers/STM32WBxx_HAL_Driver/Src/stm32wbxx_hal_cortex.o
 .text.__NVIC_SetPriority
                0x080022a4       0x54 ./Drivers/STM32WBxx_HAL_Driver/Src/stm32wbxx_hal_cortex.o
 .text.NVIC_EncodePriority
                0x080022f8       0x66 ./Drivers/STM32WBxx_HAL_Driver/Src/stm32wbxx_hal_cortex.o
 *fill*         0x0800235e        0x2 
 .text.SysTick_Config
                0x08002360       0x44 ./Drivers/STM32WBxx_HAL_Driver/Src/stm32wbxx_hal_cortex.o
 .text.HAL_NVIC_SetPriorityGrouping
                0x080023a4       0x16 ./Drivers/STM32WBxx_HAL_Driver/Src/stm32wbxx_hal_cortex.o
                0x080023a4                HAL_NVIC_SetPriorityGrouping
 .text.HAL_NVIC_SetPriority
                0x080023ba       0x34 ./Drivers/STM32WBxx_HAL_Driver/Src/stm32wbxx_hal_cortex.o
                0x080023ba                HAL_NVIC_SetPriority
 .text.HAL_NVIC_EnableIRQ
                0x080023ee       0x1c ./Drivers/STM32WBxx_HAL_Driver/Src/stm32wbxx_hal_cortex.o
                0x080023ee                HAL_NVIC_EnableIRQ
 .text.HAL_NVIC_DisableIRQ
                0x0800240a       0x1c ./Drivers/STM32WBxx_HAL_Driver/Src/stm32wbxx_hal_cortex.o
                0x0800240a                HAL_NVIC_DisableIRQ
 .text.HAL_SYSTICK_Config
                0x08002426       0x18 ./Drivers/STM32WBxx_HAL_Driver/Src/stm32wbxx_hal_cortex.o
                0x08002426                HAL_SYSTICK_Config
 .text.HAL_NVIC_SetPendingIRQ
                0x0800243e       0x1c ./Drivers/STM32WBxx_HAL_Driver/Src/stm32wbxx_hal_cortex.o
                0x0800243e                HAL_NVIC_SetPendingIRQ
 .text.HAL_NVIC_ClearPendingIRQ
                0x0800245a       0x1c ./Drivers/STM32WBxx_HAL_Driver/Src/stm32wbxx_hal_cortex.o
                0x0800245a                HAL_NVIC_ClearPendingIRQ
 .text.HAL_EXTI_RegisterCallback
                0x08002476       0x34 ./Drivers/STM32WBxx_HAL_Driver/Src/stm32wbxx_hal_exti.o
                0x08002476                HAL_EXTI_RegisterCallback
 .text.HAL_EXTI_GetHandle
                0x080024aa       0x28 ./Drivers/STM32WBxx_HAL_Driver/Src/stm32wbxx_hal_exti.o
                0x080024aa                HAL_EXTI_GetHandle
 *fill*         0x080024d2        0x2 
 .text.HAL_GPIO_Init
                0x080024d4      0x2d0 ./Drivers/STM32WBxx_HAL_Driver/Src/stm32wbxx_hal_gpio.o
                0x080024d4                HAL_GPIO_Init
 .text.HAL_GPIO_WritePin
                0x080027a4       0x30 ./Drivers/STM32WBxx_HAL_Driver/Src/stm32wbxx_hal_gpio.o
                0x080027a4                HAL_GPIO_WritePin
 .text.HAL_GPIO_TogglePin
                0x080027d4       0x34 ./Drivers/STM32WBxx_HAL_Driver/Src/stm32wbxx_hal_gpio.o
                0x080027d4                HAL_GPIO_TogglePin
 .text.HAL_HSEM_IRQHandler
                0x08002808       0x34 ./Drivers/STM32WBxx_HAL_Driver/Src/stm32wbxx_hal_hsem.o
                0x08002808                HAL_HSEM_IRQHandler
 .text.HAL_HSEM_FreeCallback
                0x0800283c       0x14 ./Drivers/STM32WBxx_HAL_Driver/Src/stm32wbxx_hal_hsem.o
                0x0800283c                HAL_HSEM_FreeCallback
 .text.HAL_IPCC_Init
                0x08002850       0x64 ./Drivers/STM32WBxx_HAL_Driver/Src/stm32wbxx_hal_ipcc.o
                0x08002850                HAL_IPCC_Init
 .text.HAL_IPCC_RxCallback
                0x080028b4       0x1a ./Drivers/STM32WBxx_HAL_Driver/Src/stm32wbxx_hal_ipcc.o
                0x080028b4                HAL_IPCC_RxCallback
 .text.HAL_IPCC_TxCallback
                0x080028ce       0x1a ./Drivers/STM32WBxx_HAL_Driver/Src/stm32wbxx_hal_ipcc.o
                0x080028ce                HAL_IPCC_TxCallback
 .text.IPCC_SetDefaultCallbacks
                0x080028e8       0x4c ./Drivers/STM32WBxx_HAL_Driver/Src/stm32wbxx_hal_ipcc.o
                0x080028e8                IPCC_SetDefaultCallbacks
 .text.IPCC_Reset_Register
                0x08002934       0x28 ./Drivers/STM32WBxx_HAL_Driver/Src/stm32wbxx_hal_ipcc.o
                0x08002934                IPCC_Reset_Register
 .text.HAL_PWR_EnableBkUpAccess
                0x0800295c       0x20 ./Drivers/STM32WBxx_HAL_Driver/Src/stm32wbxx_hal_pwr.o
                0x0800295c                HAL_PWR_EnableBkUpAccess
 .text.LL_PWR_EnableSRAM2Retention
                0x0800297c       0x20 ./Drivers/STM32WBxx_HAL_Driver/Src/stm32wbxx_hal_pwr_ex.o
 .text.HAL_PWREx_EnableSRAMRetention
                0x0800299c        0xc ./Drivers/STM32WBxx_HAL_Driver/Src/stm32wbxx_hal_pwr_ex.o
                0x0800299c                HAL_PWREx_EnableSRAMRetention
 .text.LL_RCC_HSE_IsEnabledDiv2
                0x080029a8       0x24 ./Drivers/STM32WBxx_HAL_Driver/Src/stm32wbxx_hal_rcc.o
 .text.LL_RCC_HSE_Enable
                0x080029cc       0x1e ./Drivers/STM32WBxx_HAL_Driver/Src/stm32wbxx_hal_rcc.o
 .text.LL_RCC_HSE_Disable
                0x080029ea       0x1e ./Drivers/STM32WBxx_HAL_Driver/Src/stm32wbxx_hal_rcc.o
 .text.LL_RCC_HSE_IsReady
                0x08002a08       0x24 ./Drivers/STM32WBxx_HAL_Driver/Src/stm32wbxx_hal_rcc.o
 .text.LL_RCC_HSI_Enable
                0x08002a2c       0x1e ./Drivers/STM32WBxx_HAL_Driver/Src/stm32wbxx_hal_rcc.o
 .text.LL_RCC_HSI_Disable
                0x08002a4a       0x1e ./Drivers/STM32WBxx_HAL_Driver/Src/stm32wbxx_hal_rcc.o
 .text.LL_RCC_HSI_IsReady
                0x08002a68       0x24 ./Drivers/STM32WBxx_HAL_Driver/Src/stm32wbxx_hal_rcc.o
 .text.LL_RCC_HSI_SetCalibTrimming
                0x08002a8c       0x2a ./Drivers/STM32WBxx_HAL_Driver/Src/stm32wbxx_hal_rcc.o
 .text.LL_RCC_LSE_Enable
                0x08002ab6       0x22 ./Drivers/STM32WBxx_HAL_Driver/Src/stm32wbxx_hal_rcc.o
 .text.LL_RCC_LSE_Disable
                0x08002ad8       0x22 ./Drivers/STM32WBxx_HAL_Driver/Src/stm32wbxx_hal_rcc.o
 .text.LL_RCC_LSE_EnableBypass
                0x08002afa       0x22 ./Drivers/STM32WBxx_HAL_Driver/Src/stm32wbxx_hal_rcc.o
 .text.LL_RCC_LSE_DisableBypass
                0x08002b1c       0x22 ./Drivers/STM32WBxx_HAL_Driver/Src/stm32wbxx_hal_rcc.o
 .text.LL_RCC_LSE_IsReady
                0x08002b3e       0x24 ./Drivers/STM32WBxx_HAL_Driver/Src/stm32wbxx_hal_rcc.o
 .text.LL_RCC_LSI1_Enable
                0x08002b62       0x22 ./Drivers/STM32WBxx_HAL_Driver/Src/stm32wbxx_hal_rcc.o
 .text.LL_RCC_LSI1_Disable
                0x08002b84       0x22 ./Drivers/STM32WBxx_HAL_Driver/Src/stm32wbxx_hal_rcc.o
 .text.LL_RCC_LSI1_IsReady
                0x08002ba6       0x24 ./Drivers/STM32WBxx_HAL_Driver/Src/stm32wbxx_hal_rcc.o
 .text.LL_RCC_LSI2_Enable
                0x08002bca       0x22 ./Drivers/STM32WBxx_HAL_Driver/Src/stm32wbxx_hal_rcc.o
 .text.LL_RCC_LSI2_Disable
                0x08002bec       0x22 ./Drivers/STM32WBxx_HAL_Driver/Src/stm32wbxx_hal_rcc.o
 .text.LL_RCC_LSI2_IsReady
                0x08002c0e       0x24 ./Drivers/STM32WBxx_HAL_Driver/Src/stm32wbxx_hal_rcc.o
 .text.LL_RCC_LSI2_SetTrimming
                0x08002c32       0x2e ./Drivers/STM32WBxx_HAL_Driver/Src/stm32wbxx_hal_rcc.o
 .text.LL_RCC_MSI_Enable
                0x08002c60       0x1e ./Drivers/STM32WBxx_HAL_Driver/Src/stm32wbxx_hal_rcc.o
 .text.LL_RCC_MSI_Disable
                0x08002c7e       0x1e ./Drivers/STM32WBxx_HAL_Driver/Src/stm32wbxx_hal_rcc.o
 .text.LL_RCC_MSI_IsReady
                0x08002c9c       0x22 ./Drivers/STM32WBxx_HAL_Driver/Src/stm32wbxx_hal_rcc.o
 .text.LL_RCC_MSI_SetRange
                0x08002cbe       0x28 ./Drivers/STM32WBxx_HAL_Driver/Src/stm32wbxx_hal_rcc.o
 .text.LL_RCC_MSI_GetRange
                0x08002ce6       0x2a ./Drivers/STM32WBxx_HAL_Driver/Src/stm32wbxx_hal_rcc.o
 .text.LL_RCC_MSI_SetCalibTrimming
                0x08002d10       0x2a ./Drivers/STM32WBxx_HAL_Driver/Src/stm32wbxx_hal_rcc.o
 .text.LL_RCC_SetSysClkSource
                0x08002d3a       0x28 ./Drivers/STM32WBxx_HAL_Driver/Src/stm32wbxx_hal_rcc.o
 .text.LL_RCC_GetSysClkSource
                0x08002d62       0x18 ./Drivers/STM32WBxx_HAL_Driver/Src/stm32wbxx_hal_rcc.o
 .text.LL_RCC_SetAHBPrescaler
                0x08002d7a       0x28 ./Drivers/STM32WBxx_HAL_Driver/Src/stm32wbxx_hal_rcc.o
 .text.LL_C2_RCC_SetAHBPrescaler
                0x08002da2       0x2c ./Drivers/STM32WBxx_HAL_Driver/Src/stm32wbxx_hal_rcc.o
 .text.LL_RCC_SetAHB4Prescaler
                0x08002dce       0x2e ./Drivers/STM32WBxx_HAL_Driver/Src/stm32wbxx_hal_rcc.o
 .text.LL_RCC_SetAPB1Prescaler
                0x08002dfc       0x28 ./Drivers/STM32WBxx_HAL_Driver/Src/stm32wbxx_hal_rcc.o
 .text.LL_RCC_SetAPB2Prescaler
                0x08002e24       0x28 ./Drivers/STM32WBxx_HAL_Driver/Src/stm32wbxx_hal_rcc.o
 .text.LL_RCC_GetAHBPrescaler
                0x08002e4c       0x18 ./Drivers/STM32WBxx_HAL_Driver/Src/stm32wbxx_hal_rcc.o
 .text.LL_RCC_GetAHB4Prescaler
                0x08002e64       0x1c ./Drivers/STM32WBxx_HAL_Driver/Src/stm32wbxx_hal_rcc.o
 .text.LL_RCC_GetAPB1Prescaler
                0x08002e80       0x18 ./Drivers/STM32WBxx_HAL_Driver/Src/stm32wbxx_hal_rcc.o
 .text.LL_RCC_GetAPB2Prescaler
                0x08002e98       0x18 ./Drivers/STM32WBxx_HAL_Driver/Src/stm32wbxx_hal_rcc.o
 .text.LL_RCC_PLL_Enable
                0x08002eb0       0x1e ./Drivers/STM32WBxx_HAL_Driver/Src/stm32wbxx_hal_rcc.o
 .text.LL_RCC_PLL_Disable
                0x08002ece       0x1e ./Drivers/STM32WBxx_HAL_Driver/Src/stm32wbxx_hal_rcc.o
 .text.LL_RCC_PLL_IsReady
                0x08002eec       0x24 ./Drivers/STM32WBxx_HAL_Driver/Src/stm32wbxx_hal_rcc.o
 .text.LL_RCC_PLL_GetN
                0x08002f10       0x1a ./Drivers/STM32WBxx_HAL_Driver/Src/stm32wbxx_hal_rcc.o
 .text.LL_RCC_PLL_GetR
                0x08002f2a       0x18 ./Drivers/STM32WBxx_HAL_Driver/Src/stm32wbxx_hal_rcc.o
 .text.LL_RCC_PLL_GetDivider
                0x08002f42       0x18 ./Drivers/STM32WBxx_HAL_Driver/Src/stm32wbxx_hal_rcc.o
 .text.LL_RCC_PLL_GetMainSource
                0x08002f5a       0x18 ./Drivers/STM32WBxx_HAL_Driver/Src/stm32wbxx_hal_rcc.o
 .text.LL_RCC_IsActiveFlag_HPRE
                0x08002f72       0x24 ./Drivers/STM32WBxx_HAL_Driver/Src/stm32wbxx_hal_rcc.o
 .text.LL_RCC_IsActiveFlag_C2HPRE
                0x08002f96       0x26 ./Drivers/STM32WBxx_HAL_Driver/Src/stm32wbxx_hal_rcc.o
 .text.LL_RCC_IsActiveFlag_SHDHPRE
                0x08002fbc       0x26 ./Drivers/STM32WBxx_HAL_Driver/Src/stm32wbxx_hal_rcc.o
 .text.LL_RCC_IsActiveFlag_PPRE1
                0x08002fe2       0x24 ./Drivers/STM32WBxx_HAL_Driver/Src/stm32wbxx_hal_rcc.o
 .text.LL_RCC_IsActiveFlag_PPRE2
                0x08003006       0x24 ./Drivers/STM32WBxx_HAL_Driver/Src/stm32wbxx_hal_rcc.o
 *fill*         0x0800302a        0x2 
 .text.HAL_RCC_OscConfig
                0x0800302c      0x66c ./Drivers/STM32WBxx_HAL_Driver/Src/stm32wbxx_hal_rcc.o
                0x0800302c                HAL_RCC_OscConfig
 .text.HAL_RCC_ClockConfig
                0x08003698      0x280 ./Drivers/STM32WBxx_HAL_Driver/Src/stm32wbxx_hal_rcc.o
                0x08003698                HAL_RCC_ClockConfig
 .text.HAL_RCC_GetSysClockFreq
                0x08003918       0xd8 ./Drivers/STM32WBxx_HAL_Driver/Src/stm32wbxx_hal_rcc.o
                0x08003918                HAL_RCC_GetSysClockFreq
 .text.HAL_RCC_GetHCLKFreq
                0x080039f0       0x28 ./Drivers/STM32WBxx_HAL_Driver/Src/stm32wbxx_hal_rcc.o
                0x080039f0                HAL_RCC_GetHCLKFreq
 .text.HAL_RCC_GetPCLK1Freq
                0x08003a18       0x2c ./Drivers/STM32WBxx_HAL_Driver/Src/stm32wbxx_hal_rcc.o
                0x08003a18                HAL_RCC_GetPCLK1Freq
 .text.HAL_RCC_GetPCLK2Freq
                0x08003a44       0x2c ./Drivers/STM32WBxx_HAL_Driver/Src/stm32wbxx_hal_rcc.o
                0x08003a44                HAL_RCC_GetPCLK2Freq
 .text.RCC_SetFlashLatencyFromMSIRange
                0x08003a70       0x6c ./Drivers/STM32WBxx_HAL_Driver/Src/stm32wbxx_hal_rcc.o
 .text.RCC_SetFlashLatency
                0x08003adc       0xa8 ./Drivers/STM32WBxx_HAL_Driver/Src/stm32wbxx_hal_rcc.o
 .text.LL_RCC_LSE_IsEnabled
                0x08003b84       0x24 ./Drivers/STM32WBxx_HAL_Driver/Src/stm32wbxx_hal_rcc_ex.o
 .text.LL_RCC_LSE_IsReady
                0x08003ba8       0x24 ./Drivers/STM32WBxx_HAL_Driver/Src/stm32wbxx_hal_rcc_ex.o
 .text.LL_RCC_MSI_EnablePLLMode
                0x08003bcc       0x1e ./Drivers/STM32WBxx_HAL_Driver/Src/stm32wbxx_hal_rcc_ex.o
 .text.LL_RCC_SetRFWKPClockSource
                0x08003bea       0x2c ./Drivers/STM32WBxx_HAL_Driver/Src/stm32wbxx_hal_rcc_ex.o
 .text.LL_RCC_SetSMPSClockSource
                0x08003c16       0x28 ./Drivers/STM32WBxx_HAL_Driver/Src/stm32wbxx_hal_rcc_ex.o
 .text.LL_RCC_SetSMPSPrescaler
                0x08003c3e       0x28 ./Drivers/STM32WBxx_HAL_Driver/Src/stm32wbxx_hal_rcc_ex.o
 .text.LL_RCC_SetUSARTClockSource
                0x08003c66       0x2c ./Drivers/STM32WBxx_HAL_Driver/Src/stm32wbxx_hal_rcc_ex.o
 .text.LL_RCC_SetLPUARTClockSource
                0x08003c92       0x2c ./Drivers/STM32WBxx_HAL_Driver/Src/stm32wbxx_hal_rcc_ex.o
 .text.LL_RCC_SetI2CClockSource
                0x08003cbe       0x3a ./Drivers/STM32WBxx_HAL_Driver/Src/stm32wbxx_hal_rcc_ex.o
 .text.LL_RCC_SetLPTIMClockSource
                0x08003cf8       0x34 ./Drivers/STM32WBxx_HAL_Driver/Src/stm32wbxx_hal_rcc_ex.o
 .text.LL_RCC_SetRNGClockSource
                0x08003d2c       0x2c ./Drivers/STM32WBxx_HAL_Driver/Src/stm32wbxx_hal_rcc_ex.o
 .text.LL_RCC_SetCLK48ClockSource
                0x08003d58       0x2c ./Drivers/STM32WBxx_HAL_Driver/Src/stm32wbxx_hal_rcc_ex.o
 .text.LL_RCC_SetADCClockSource
                0x08003d84       0x2c ./Drivers/STM32WBxx_HAL_Driver/Src/stm32wbxx_hal_rcc_ex.o
 .text.LL_RCC_SetRTCClockSource
                0x08003db0       0x2c ./Drivers/STM32WBxx_HAL_Driver/Src/stm32wbxx_hal_rcc_ex.o
 .text.LL_RCC_GetRTCClockSource
                0x08003ddc       0x1a ./Drivers/STM32WBxx_HAL_Driver/Src/stm32wbxx_hal_rcc_ex.o
 .text.LL_RCC_ForceBackupDomainReset
                0x08003df6       0x22 ./Drivers/STM32WBxx_HAL_Driver/Src/stm32wbxx_hal_rcc_ex.o
 .text.LL_RCC_ReleaseBackupDomainReset
                0x08003e18       0x22 ./Drivers/STM32WBxx_HAL_Driver/Src/stm32wbxx_hal_rcc_ex.o
 .text.HAL_RCCEx_PeriphCLKConfig
                0x08003e3a      0x1ec ./Drivers/STM32WBxx_HAL_Driver/Src/stm32wbxx_hal_rcc_ex.o
                0x08003e3a                HAL_RCCEx_PeriphCLKConfig
 .text.HAL_RCCEx_EnableMSIPLLMode
                0x08004026        0xc ./Drivers/STM32WBxx_HAL_Driver/Src/stm32wbxx_hal_rcc_ex.o
                0x08004026                HAL_RCCEx_EnableMSIPLLMode
 *fill*         0x08004032        0x2 
 .text.HAL_RTC_Init
                0x08004034      0x160 ./Drivers/STM32WBxx_HAL_Driver/Src/stm32wbxx_hal_rtc.o
                0x08004034                HAL_RTC_Init
 .text.HAL_RTC_WaitForSynchro
                0x08004194       0x4c ./Drivers/STM32WBxx_HAL_Driver/Src/stm32wbxx_hal_rtc.o
                0x08004194                HAL_RTC_WaitForSynchro
 .text.RTC_EnterInitMode
                0x080041e0       0x54 ./Drivers/STM32WBxx_HAL_Driver/Src/stm32wbxx_hal_rtc.o
                0x080041e0                RTC_EnterInitMode
 .text.HAL_RTCEx_SetWakeUpTimer_IT
                0x08004234      0x178 ./Drivers/STM32WBxx_HAL_Driver/Src/stm32wbxx_hal_rtc_ex.o
                0x08004234                HAL_RTCEx_SetWakeUpTimer_IT
 .text.LL_RCC_GetUSARTClockSource
                0x080043ac       0x20 ./Drivers/STM32WBxx_HAL_Driver/Src/stm32wbxx_hal_uart.o
 .text.LL_RCC_GetLPUARTClockSource
                0x080043cc       0x20 ./Drivers/STM32WBxx_HAL_Driver/Src/stm32wbxx_hal_uart.o
 .text.HAL_UART_Init
                0x080043ec       0xa0 ./Drivers/STM32WBxx_HAL_Driver/Src/stm32wbxx_hal_uart.o
                0x080043ec                HAL_UART_Init
 .text.HAL_UART_Transmit
                0x0800448c      0x11c ./Drivers/STM32WBxx_HAL_Driver/Src/stm32wbxx_hal_uart.o
                0x0800448c                HAL_UART_Transmit
 .text.UART_SetConfig
                0x080045a8      0x450 ./Drivers/STM32WBxx_HAL_Driver/Src/stm32wbxx_hal_uart.o
                0x080045a8                UART_SetConfig
 .text.UART_AdvFeatureConfig
                0x080049f8      0x144 ./Drivers/STM32WBxx_HAL_Driver/Src/stm32wbxx_hal_uart.o
                0x080049f8                UART_AdvFeatureConfig
 .text.UART_CheckIdleState
                0x08004b3c      0x154 ./Drivers/STM32WBxx_HAL_Driver/Src/stm32wbxx_hal_uart.o
                0x08004b3c                UART_CheckIdleState
 .text.UART_WaitOnFlagUntilTimeout
                0x08004c90       0xda ./Drivers/STM32WBxx_HAL_Driver/Src/stm32wbxx_hal_uart.o
                0x08004c90                UART_WaitOnFlagUntilTimeout
 .text.UART_EndRxTransfer
                0x08004d6a       0xcc ./Drivers/STM32WBxx_HAL_Driver/Src/stm32wbxx_hal_uart.o
 .text.HAL_UARTEx_DisableFifoMode
                0x08004e36       0x72 ./Drivers/STM32WBxx_HAL_Driver/Src/stm32wbxx_hal_uart_ex.o
                0x08004e36                HAL_UARTEx_DisableFifoMode
 .text.HAL_UARTEx_SetTxFifoThreshold
                0x08004ea8       0x7c ./Drivers/STM32WBxx_HAL_Driver/Src/stm32wbxx_hal_uart_ex.o
                0x08004ea8                HAL_UARTEx_SetTxFifoThreshold
 .text.HAL_UARTEx_SetRxFifoThreshold
                0x08004f24       0x7c ./Drivers/STM32WBxx_HAL_Driver/Src/stm32wbxx_hal_uart_ex.o
                0x08004f24                HAL_UARTEx_SetRxFifoThreshold
 .text.UARTEx_SetNbDataToProcess
                0x08004fa0       0x9c ./Drivers/STM32WBxx_HAL_Driver/Src/stm32wbxx_hal_uart_ex.o
 .text.aci_gap_set_non_discoverable
                0x0800503c       0x48 ./Middlewares/ST/STM32_WPAN/ble/core/auto/ble_gap_aci.o
                0x0800503c                aci_gap_set_non_discoverable
 .text.aci_gap_set_discoverable
                0x08005084      0x1f4 ./Middlewares/ST/STM32_WPAN/ble/core/auto/ble_gap_aci.o
                0x08005084                aci_gap_set_discoverable
 .text.aci_gap_set_io_capability
                0x08005278       0xa8 ./Middlewares/ST/STM32_WPAN/ble/core/auto/ble_gap_aci.o
                0x08005278                aci_gap_set_io_capability
 .text.aci_gap_set_authentication_requirement
                0x08005320      0x188 ./Middlewares/ST/STM32_WPAN/ble/core/auto/ble_gap_aci.o
                0x08005320                aci_gap_set_authentication_requirement
 .text.aci_gap_pass_key_resp
                0x080054a8       0xce ./Middlewares/ST/STM32_WPAN/ble/core/auto/ble_gap_aci.o
                0x080054a8                aci_gap_pass_key_resp
 .text.aci_gap_init
                0x08005576      0x15a ./Middlewares/ST/STM32_WPAN/ble/core/auto/ble_gap_aci.o
                0x08005576                aci_gap_init
 .text.aci_gap_update_adv_data
                0x080056d0       0xe4 ./Middlewares/ST/STM32_WPAN/ble/core/auto/ble_gap_aci.o
                0x080056d0                aci_gap_update_adv_data
 .text.aci_gap_configure_filter_accept_list
                0x080057b4       0x48 ./Middlewares/ST/STM32_WPAN/ble/core/auto/ble_gap_aci.o
                0x080057b4                aci_gap_configure_filter_accept_list
 .text.aci_gap_numeric_comparison_value_confirm_yesno
                0x080057fc       0xce ./Middlewares/ST/STM32_WPAN/ble/core/auto/ble_gap_aci.o
                0x080057fc                aci_gap_numeric_comparison_value_confirm_yesno
 .text.aci_gatt_init
                0x080058ca       0x4a ./Middlewares/ST/STM32_WPAN/ble/core/auto/ble_gatt_aci.o
                0x080058ca                aci_gatt_init
 .text.aci_gatt_add_service
                0x08005914      0x1ac ./Middlewares/ST/STM32_WPAN/ble/core/auto/ble_gatt_aci.o
                0x08005914                aci_gatt_add_service
 .text.aci_gatt_add_char
                0x08005ac0      0x210 ./Middlewares/ST/STM32_WPAN/ble/core/auto/ble_gatt_aci.o
                0x08005ac0                aci_gatt_add_char
 .text.aci_gatt_update_char_value
                0x08005cd0      0x152 ./Middlewares/ST/STM32_WPAN/ble/core/auto/ble_gatt_aci.o
                0x08005cd0                aci_gatt_update_char_value
 .text.aci_gatt_confirm_indication
                0x08005e22       0xaa ./Middlewares/ST/STM32_WPAN/ble/core/auto/ble_gatt_aci.o
                0x08005e22                aci_gatt_confirm_indication
 .text.aci_hal_write_config_data
                0x08005ecc      0x10a ./Middlewares/ST/STM32_WPAN/ble/core/auto/ble_hal_aci.o
                0x08005ecc                aci_hal_write_config_data
 .text.aci_hal_set_tx_power_level
                0x08005fd6       0xce ./Middlewares/ST/STM32_WPAN/ble/core/auto/ble_hal_aci.o
                0x08005fd6                aci_hal_set_tx_power_level
 .text.aci_hal_set_radio_activity_mask
                0x080060a4       0xa8 ./Middlewares/ST/STM32_WPAN/ble/core/auto/ble_hal_aci.o
                0x080060a4                aci_hal_set_radio_activity_mask
 .text.hci_reset
                0x0800614c       0x48 ./Middlewares/ST/STM32_WPAN/ble/core/auto/ble_hci_le.o
                0x0800614c                hci_reset
 .text.hci_le_set_default_phy
                0x08006194       0xfa ./Middlewares/ST/STM32_WPAN/ble/core/auto/ble_hci_le.o
                0x08006194                hci_le_set_default_phy
 .text.Osal_MemCpy
                0x0800628e       0x20 ./Middlewares/ST/STM32_WPAN/ble/core/template/osal.o
                0x0800628e                Osal_MemCpy
 .text.Osal_MemSet
                0x080062ae       0x20 ./Middlewares/ST/STM32_WPAN/ble/core/template/osal.o
                0x080062ae                Osal_MemSet
 .text.BAS_Init
                0x080062ce        0xe ./Middlewares/ST/STM32_WPAN/ble/svc/Src/svc_ctl.o
                0x080062ce                BAS_Init
 .text.BLS_Init
                0x080062dc        0xe ./Middlewares/ST/STM32_WPAN/ble/svc/Src/svc_ctl.o
                0x080062dc                BLS_Init
 .text.CRS_STM_Init
                0x080062ea        0xe ./Middlewares/ST/STM32_WPAN/ble/svc/Src/svc_ctl.o
                0x080062ea                CRS_STM_Init
 .text.DIS_Init
                0x080062f8        0xe ./Middlewares/ST/STM32_WPAN/ble/svc/Src/svc_ctl.o
                0x080062f8                DIS_Init
 .text.EDS_STM_Init
                0x08006306        0xe ./Middlewares/ST/STM32_WPAN/ble/svc/Src/svc_ctl.o
                0x08006306                EDS_STM_Init
 .text.HIDS_Init
                0x08006314        0xe ./Middlewares/ST/STM32_WPAN/ble/svc/Src/svc_ctl.o
                0x08006314                HIDS_Init
 .text.HRS_Init
                0x08006322        0xe ./Middlewares/ST/STM32_WPAN/ble/svc/Src/svc_ctl.o
                0x08006322                HRS_Init
 .text.HTS_Init
                0x08006330        0xe ./Middlewares/ST/STM32_WPAN/ble/svc/Src/svc_ctl.o
                0x08006330                HTS_Init
 .text.IAS_Init
                0x0800633e        0xe ./Middlewares/ST/STM32_WPAN/ble/svc/Src/svc_ctl.o
                0x0800633e                IAS_Init
 .text.LLS_Init
                0x0800634c        0xe ./Middlewares/ST/STM32_WPAN/ble/svc/Src/svc_ctl.o
                0x0800634c                LLS_Init
 .text.TPS_Init
                0x0800635a        0xe ./Middlewares/ST/STM32_WPAN/ble/svc/Src/svc_ctl.o
                0x0800635a                TPS_Init
 .text.MOTENV_STM_Init
                0x08006368        0xe ./Middlewares/ST/STM32_WPAN/ble/svc/Src/svc_ctl.o
                0x08006368                MOTENV_STM_Init
 .text.P2PS_STM_Init
                0x08006376        0xe ./Middlewares/ST/STM32_WPAN/ble/svc/Src/svc_ctl.o
                0x08006376                P2PS_STM_Init
 .text.ZDD_STM_Init
                0x08006384        0xe ./Middlewares/ST/STM32_WPAN/ble/svc/Src/svc_ctl.o
                0x08006384                ZDD_STM_Init
 .text.OTAS_STM_Init
                0x08006392        0xe ./Middlewares/ST/STM32_WPAN/ble/svc/Src/svc_ctl.o
                0x08006392                OTAS_STM_Init
 .text.MESH_Init
                0x080063a0        0xe ./Middlewares/ST/STM32_WPAN/ble/svc/Src/svc_ctl.o
                0x080063a0                MESH_Init
 .text.BVOPUS_STM_Init
                0x080063ae        0xe ./Middlewares/ST/STM32_WPAN/ble/svc/Src/svc_ctl.o
                0x080063ae                BVOPUS_STM_Init
 .text.SVCCTL_Init
                0x080063bc       0x20 ./Middlewares/ST/STM32_WPAN/ble/svc/Src/svc_ctl.o
                0x080063bc                SVCCTL_Init
 .text.SVCCTL_SvcInit
                0x080063dc       0x50 ./Middlewares/ST/STM32_WPAN/ble/svc/Src/svc_ctl.o
                0x080063dc                SVCCTL_SvcInit
 .text.SVCCTL_RegisterSvcHandler
                0x0800642c       0x34 ./Middlewares/ST/STM32_WPAN/ble/svc/Src/svc_ctl.o
                0x0800642c                SVCCTL_RegisterSvcHandler
 .text.SVCCTL_UserEvtRx
                0x08006460       0xa8 ./Middlewares/ST/STM32_WPAN/ble/svc/Src/svc_ctl.o
                0x08006460                SVCCTL_UserEvtRx
 .text.SHCI_C2_BLE_Init
                0x08006508       0x2e ./Middlewares/ST/STM32_WPAN/interface/patterns/ble_thread/shci/shci.o
                0x08006508                SHCI_C2_BLE_Init
 .text.SHCI_C2_DEBUG_Init
                0x08006536       0x2e ./Middlewares/ST/STM32_WPAN/interface/patterns/ble_thread/shci/shci.o
                0x08006536                SHCI_C2_DEBUG_Init
 .text.SHCI_C2_Config
                0x08006564       0x2a ./Middlewares/ST/STM32_WPAN/interface/patterns/ble_thread/shci/shci.o
                0x08006564                SHCI_C2_Config
 *fill*         0x0800658e        0x2 
 .text.SHCI_GetWirelessFwInfo
                0x08006590      0x15c ./Middlewares/ST/STM32_WPAN/interface/patterns/ble_thread/shci/shci.o
                0x08006590                SHCI_GetWirelessFwInfo
 .text.hci_init
                0x080066ec       0x38 ./Middlewares/ST/STM32_WPAN/interface/patterns/ble_thread/tl/hci_tl.o
                0x080066ec                hci_init
 .text.hci_user_evt_proc
                0x08006724       0x9c ./Middlewares/ST/STM32_WPAN/interface/patterns/ble_thread/tl/hci_tl.o
                0x08006724                hci_user_evt_proc
 .text.hci_send_req
                0x080067c0      0x108 ./Middlewares/ST/STM32_WPAN/interface/patterns/ble_thread/tl/hci_tl.o
                0x080067c0                hci_send_req
 .text.TlInit   0x080068c8       0x60 ./Middlewares/ST/STM32_WPAN/interface/patterns/ble_thread/tl/hci_tl.o
 .text.SendCmd  0x08006928       0x4c ./Middlewares/ST/STM32_WPAN/interface/patterns/ble_thread/tl/hci_tl.o
 .text.NotifyCmdStatus
                0x08006974       0x40 ./Middlewares/ST/STM32_WPAN/interface/patterns/ble_thread/tl/hci_tl.o
 .text.TlEvtReceived
                0x080069b4       0x48 ./Middlewares/ST/STM32_WPAN/interface/patterns/ble_thread/tl/hci_tl.o
 .text.hci_register_io_bus
                0x080069fc       0x28 ./Middlewares/ST/STM32_WPAN/interface/patterns/ble_thread/tl/hci_tl_if.o
                0x080069fc                hci_register_io_bus
 .text.shci_init
                0x08006a24       0x38 ./Middlewares/ST/STM32_WPAN/interface/patterns/ble_thread/tl/shci_tl.o
                0x08006a24                shci_init
 .text.shci_user_evt_proc
                0x08006a5c       0x9c ./Middlewares/ST/STM32_WPAN/interface/patterns/ble_thread/tl/shci_tl.o
                0x08006a5c                shci_user_evt_proc
 .text.shci_send
                0x08006af8       0x84 ./Middlewares/ST/STM32_WPAN/interface/patterns/ble_thread/tl/shci_tl.o
                0x08006af8                shci_send
 .text.TlInit   0x08006b7c       0x64 ./Middlewares/ST/STM32_WPAN/interface/patterns/ble_thread/tl/shci_tl.o
 .text.Cmd_SetStatus
                0x08006be0       0x50 ./Middlewares/ST/STM32_WPAN/interface/patterns/ble_thread/tl/shci_tl.o
 .text.TlCmdEvtReceived
                0x08006c30       0x16 ./Middlewares/ST/STM32_WPAN/interface/patterns/ble_thread/tl/shci_tl.o
 *fill*         0x08006c46        0x2 
 .text.TlUserEvtReceived
                0x08006c48       0x24 ./Middlewares/ST/STM32_WPAN/interface/patterns/ble_thread/tl/shci_tl.o
 .text.shci_register_io_bus
                0x08006c6c       0x28 ./Middlewares/ST/STM32_WPAN/interface/patterns/ble_thread/tl/shci_tl_if.o
                0x08006c6c                shci_register_io_bus
 .text.TL_Enable
                0x08006c94        0xc ./Middlewares/ST/STM32_WPAN/interface/patterns/ble_thread/tl/tl_mbox.o
                0x08006c94                TL_Enable
 .text.TL_Init  0x08006ca0       0x74 ./Middlewares/ST/STM32_WPAN/interface/patterns/ble_thread/tl/tl_mbox.o
                0x08006ca0                TL_Init
 .text.TL_BLE_Init
                0x08006d14       0x68 ./Middlewares/ST/STM32_WPAN/interface/patterns/ble_thread/tl/tl_mbox.o
                0x08006d14                TL_BLE_Init
 .text.TL_BLE_SendCmd
                0x08006d7c       0x38 ./Middlewares/ST/STM32_WPAN/interface/patterns/ble_thread/tl/tl_mbox.o
                0x08006d7c                TL_BLE_SendCmd
 .text.HW_IPCC_BLE_RxEvtNot
                0x08006db4       0x60 ./Middlewares/ST/STM32_WPAN/interface/patterns/ble_thread/tl/tl_mbox.o
                0x08006db4                HW_IPCC_BLE_RxEvtNot
 .text.HW_IPCC_BLE_AclDataAckNot
                0x08006e14       0x14 ./Middlewares/ST/STM32_WPAN/interface/patterns/ble_thread/tl/tl_mbox.o
                0x08006e14                HW_IPCC_BLE_AclDataAckNot
 .text.TL_SYS_Init
                0x08006e28       0x54 ./Middlewares/ST/STM32_WPAN/interface/patterns/ble_thread/tl/tl_mbox.o
                0x08006e28                TL_SYS_Init
 .text.TL_SYS_SendCmd
                0x08006e7c       0x38 ./Middlewares/ST/STM32_WPAN/interface/patterns/ble_thread/tl/tl_mbox.o
                0x08006e7c                TL_SYS_SendCmd
 .text.HW_IPCC_SYS_CmdEvtNot
                0x08006eb4       0x2c ./Middlewares/ST/STM32_WPAN/interface/patterns/ble_thread/tl/tl_mbox.o
                0x08006eb4                HW_IPCC_SYS_CmdEvtNot
 .text.HW_IPCC_SYS_EvtNot
                0x08006ee0       0x44 ./Middlewares/ST/STM32_WPAN/interface/patterns/ble_thread/tl/tl_mbox.o
                0x08006ee0                HW_IPCC_SYS_EvtNot
 .text.TL_MM_Init
                0x08006f24       0x78 ./Middlewares/ST/STM32_WPAN/interface/patterns/ble_thread/tl/tl_mbox.o
                0x08006f24                TL_MM_Init
 .text.TL_MM_EvtDone
                0x08006f9c       0x30 ./Middlewares/ST/STM32_WPAN/interface/patterns/ble_thread/tl/tl_mbox.o
                0x08006f9c                TL_MM_EvtDone
 .text.SendFreeBuf
                0x08006fcc       0x40 ./Middlewares/ST/STM32_WPAN/interface/patterns/ble_thread/tl/tl_mbox.o
 .text.TL_TRACES_Init
                0x0800700c       0x24 ./Middlewares/ST/STM32_WPAN/interface/patterns/ble_thread/tl/tl_mbox.o
                0x0800700c                TL_TRACES_Init
 .text.HW_IPCC_TRACES_EvtNot
                0x08007030       0x34 ./Middlewares/ST/STM32_WPAN/interface/patterns/ble_thread/tl/tl_mbox.o
                0x08007030                HW_IPCC_TRACES_EvtNot
 .text.TL_TRACES_EvtReceived
                0x08007064       0x14 ./Middlewares/ST/STM32_WPAN/interface/patterns/ble_thread/tl/tl_mbox.o
                0x08007064                TL_TRACES_EvtReceived
 .text.OutputDbgTrace
                0x08007078       0xac ./Middlewares/ST/STM32_WPAN/interface/patterns/ble_thread/tl/tl_mbox.o
 .text.OTP_Read
                0x08007124       0x50 ./Middlewares/ST/STM32_WPAN/utilities/otp.o
                0x08007124                OTP_Read
 .text.LST_init_head
                0x08007174       0x20 ./Middlewares/ST/STM32_WPAN/utilities/stm_list.o
                0x08007174                LST_init_head
 .text.LST_is_empty
                0x08007194       0x44 ./Middlewares/ST/STM32_WPAN/utilities/stm_list.o
                0x08007194                LST_is_empty
 .text.LST_insert_head
                0x080071d8       0x4c ./Middlewares/ST/STM32_WPAN/utilities/stm_list.o
                0x080071d8                LST_insert_head
 .text.LST_insert_tail
                0x08007224       0x4c ./Middlewares/ST/STM32_WPAN/utilities/stm_list.o
                0x08007224                LST_insert_tail
 .text.LST_remove_node
                0x08007270       0x42 ./Middlewares/ST/STM32_WPAN/utilities/stm_list.o
                0x08007270                LST_remove_node
 .text.LST_remove_head
                0x080072b2       0x3e ./Middlewares/ST/STM32_WPAN/utilities/stm_list.o
                0x080072b2                LST_remove_head
 .text.LL_FLASH_GetUDN
                0x080072f0       0x18 ./STM32_WPAN/App/app_ble.o
 .text.LL_FLASH_GetDeviceID
                0x08007308       0x18 ./STM32_WPAN/App/app_ble.o
 .text.LL_FLASH_GetSTCompanyID
                0x08007320       0x18 ./STM32_WPAN/App/app_ble.o
 .text.APP_BLE_Init
                0x08007338       0xb4 ./STM32_WPAN/App/app_ble.o
                0x08007338                APP_BLE_Init
 .text.SVCCTL_App_Notification
                0x080073ec      0x1b8 ./STM32_WPAN/App/app_ble.o
                0x080073ec                SVCCTL_App_Notification
 .text.Ble_Tl_Init
                0x080075a4       0x2c ./STM32_WPAN/App/app_ble.o
 .text.Ble_Hci_Gap_Gatt_Init
                0x080075d0      0x168 ./STM32_WPAN/App/app_ble.o
 .text.Adv_Request
                0x08007738       0x60 ./STM32_WPAN/App/app_ble.o
 .text.BleGetBdAddress
                0x08007798       0x88 ./STM32_WPAN/App/app_ble.o
 .text.Adv_Cancel
                0x08007820       0x34 ./STM32_WPAN/App/app_ble.o
 .text.hci_notify_asynch_evt
                0x08007854       0x18 ./STM32_WPAN/App/app_ble.o
                0x08007854                hci_notify_asynch_evt
 .text.hci_cmd_resp_release
                0x0800786c       0x16 ./STM32_WPAN/App/app_ble.o
                0x0800786c                hci_cmd_resp_release
 .text.hci_cmd_resp_wait
                0x08007882       0x16 ./STM32_WPAN/App/app_ble.o
                0x08007882                hci_cmd_resp_wait
 .text.BLE_UserEvtRx
                0x08007898       0x38 ./STM32_WPAN/App/app_ble.o
 .text.BLE_StatusNot
                0x080078d0       0x36 ./STM32_WPAN/App/app_ble.o
 .text.Custom_STM_App_Notification
                0x08007906       0x28 ./STM32_WPAN/App/custom_app.o
                0x08007906                Custom_STM_App_Notification
 .text.Custom_APP_Notification
                0x0800792e       0x28 ./STM32_WPAN/App/custom_app.o
                0x0800792e                Custom_APP_Notification
 .text.Custom_APP_Init
                0x08007956        0xe ./STM32_WPAN/App/custom_app.o
                0x08007956                Custom_APP_Init
 .text.Custom_STM_Event_Handler
                0x08007964      0x158 ./STM32_WPAN/App/custom_stm.o
 .text.SVCCTL_InitCustomSvc
                0x08007abc       0xec ./STM32_WPAN/App/custom_stm.o
                0x08007abc                SVCCTL_InitCustomSvc
 .text.LL_PWR_EnableBootC2
                0x08007ba8       0x20 ./STM32_WPAN/Target/hw_ipcc.o
 .text.LL_C2_EXTI_EnableEvent_32_63
                0x08007bc8       0x28 ./STM32_WPAN/Target/hw_ipcc.o
 .text.LL_EXTI_EnableRisingTrig_32_63
                0x08007bf0       0x24 ./STM32_WPAN/Target/hw_ipcc.o
 .text.LL_AHB3_GRP1_EnableClock
                0x08007c14       0x32 ./STM32_WPAN/Target/hw_ipcc.o
 .text.LL_C2_AHB3_GRP1_EnableClock
                0x08007c46       0x38 ./STM32_WPAN/Target/hw_ipcc.o
 .text.LL_C1_IPCC_EnableIT_TXF
                0x08007c7e       0x20 ./STM32_WPAN/Target/hw_ipcc.o
 .text.LL_C1_IPCC_EnableIT_RXO
                0x08007c9e       0x20 ./STM32_WPAN/Target/hw_ipcc.o
 .text.LL_C1_IPCC_EnableTransmitChannel
                0x08007cbe       0x26 ./STM32_WPAN/Target/hw_ipcc.o
 .text.LL_C1_IPCC_DisableTransmitChannel
                0x08007ce4       0x24 ./STM32_WPAN/Target/hw_ipcc.o
 .text.LL_C1_IPCC_EnableReceiveChannel
                0x08007d08       0x24 ./STM32_WPAN/Target/hw_ipcc.o
 .text.LL_C1_IPCC_ClearFlag_CHx
                0x08007d2c       0x1c ./STM32_WPAN/Target/hw_ipcc.o
 .text.LL_C1_IPCC_SetFlag_CHx
                0x08007d48       0x1e ./STM32_WPAN/Target/hw_ipcc.o
 .text.LL_C1_IPCC_IsActiveFlag_CHx
                0x08007d66       0x2a ./STM32_WPAN/Target/hw_ipcc.o
 .text.LL_C2_IPCC_IsActiveFlag_CHx
                0x08007d90       0x2a ./STM32_WPAN/Target/hw_ipcc.o
 *fill*         0x08007dba        0x2 
 .text.HW_IPCC_Rx_Handler
                0x08007dbc       0x6c ./STM32_WPAN/Target/hw_ipcc.o
                0x08007dbc                HW_IPCC_Rx_Handler
 .text.HW_IPCC_Tx_Handler
                0x08007e28       0x6c ./STM32_WPAN/Target/hw_ipcc.o
                0x08007e28                HW_IPCC_Tx_Handler
 .text.HW_IPCC_Enable
                0x08007e94       0x28 ./STM32_WPAN/Target/hw_ipcc.o
                0x08007e94                HW_IPCC_Enable
 .text.HW_IPCC_Init
                0x08007ebc       0x2c ./STM32_WPAN/Target/hw_ipcc.o
                0x08007ebc                HW_IPCC_Init
 .text.HW_IPCC_BLE_Init
                0x08007ee8       0x14 ./STM32_WPAN/Target/hw_ipcc.o
                0x08007ee8                HW_IPCC_BLE_Init
 .text.HW_IPCC_BLE_SendCmd
                0x08007efc       0x14 ./STM32_WPAN/Target/hw_ipcc.o
                0x08007efc                HW_IPCC_BLE_SendCmd
 .text.HW_IPCC_BLE_EvtHandler
                0x08007f10       0x18 ./STM32_WPAN/Target/hw_ipcc.o
 .text.HW_IPCC_BLE_AclDataEvtHandler
                0x08007f28       0x18 ./STM32_WPAN/Target/hw_ipcc.o
 .text.HW_IPCC_SYS_Init
                0x08007f40       0x14 ./STM32_WPAN/Target/hw_ipcc.o
                0x08007f40                HW_IPCC_SYS_Init
 .text.HW_IPCC_SYS_SendCmd
                0x08007f54       0x1c ./STM32_WPAN/Target/hw_ipcc.o
                0x08007f54                HW_IPCC_SYS_SendCmd
 .text.HW_IPCC_SYS_CmdEvtHandler
                0x08007f70       0x18 ./STM32_WPAN/Target/hw_ipcc.o
 .text.HW_IPCC_SYS_EvtHandler
                0x08007f88       0x18 ./STM32_WPAN/Target/hw_ipcc.o
 .text.HW_IPCC_MM_SendFreeBuf
                0x08007fa0       0x44 ./STM32_WPAN/Target/hw_ipcc.o
                0x08007fa0                HW_IPCC_MM_SendFreeBuf
 .text.HW_IPCC_MM_FreeBufHandler
                0x08007fe4       0x28 ./STM32_WPAN/Target/hw_ipcc.o
 .text.HW_IPCC_TRACES_Init
                0x0800800c       0x14 ./STM32_WPAN/Target/hw_ipcc.o
                0x0800800c                HW_IPCC_TRACES_Init
 .text.HW_IPCC_TRACES_EvtHandler
                0x08008020       0x18 ./STM32_WPAN/Target/hw_ipcc.o
 .text.UTIL_LPM_Init
                0x08008038       0x24 ./Utilities/lpm/tiny_lpm/stm32_lpm.o
                0x08008038                UTIL_LPM_Init
 .text.UTIL_LPM_SetOffMode
                0x0800805c       0x60 ./Utilities/lpm/tiny_lpm/stm32_lpm.o
                0x0800805c                UTIL_LPM_SetOffMode
 .text.UTIL_SEQ_Run
                0x080080bc      0x1f8 ./Utilities/sequencer/stm32_seq.o
                0x080080bc                UTIL_SEQ_Run
 .text.UTIL_SEQ_RegTask
                0x080082b4       0x44 ./Utilities/sequencer/stm32_seq.o
                0x080082b4                UTIL_SEQ_RegTask
 .text.UTIL_SEQ_SetTask
                0x080082f8       0x58 ./Utilities/sequencer/stm32_seq.o
                0x080082f8                UTIL_SEQ_SetTask
 .text.UTIL_SEQ_PauseTask
                0x08008350       0x40 ./Utilities/sequencer/stm32_seq.o
                0x08008350                UTIL_SEQ_PauseTask
 .text.UTIL_SEQ_ResumeTask
                0x08008390       0x40 ./Utilities/sequencer/stm32_seq.o
                0x08008390                UTIL_SEQ_ResumeTask
 .text.UTIL_SEQ_SetEvt
                0x080083d0       0x40 ./Utilities/sequencer/stm32_seq.o
                0x080083d0                UTIL_SEQ_SetEvt
 .text.UTIL_SEQ_WaitEvt
                0x08008410       0x94 ./Utilities/sequencer/stm32_seq.o
                0x08008410                UTIL_SEQ_WaitEvt
 .text.UTIL_SEQ_PreIdle
                0x080084a4        0xe ./Utilities/sequencer/stm32_seq.o
                0x080084a4                UTIL_SEQ_PreIdle
 .text.UTIL_SEQ_PostIdle
                0x080084b2        0xe ./Utilities/sequencer/stm32_seq.o
                0x080084b2                UTIL_SEQ_PostIdle
 .text.SEQ_BitPosition
                0x080084c0       0x30 ./Utilities/sequencer/stm32_seq.o
                0x080084c0                SEQ_BitPosition
 .text.std      0x080084f0       0x6c C:/ST/STM32CubeIDE_1.15.1/STM32CubeIDE/plugins/com.st.stm32cube.ide.mcu.externaltools.gnu-tools-for-stm32.12.3.rel1.win32_1.1.0.202410251130/tools/bin/../lib/gcc/arm-none-eabi/12.3.1/../../../../arm-none-eabi/lib/thumb/v7e-m+fp/hard\libc_nano.a(libc_a-findfp.o)
 .text.stdio_exit_handler
                0x0800855c       0x18 C:/ST/STM32CubeIDE_1.15.1/STM32CubeIDE/plugins/com.st.stm32cube.ide.mcu.externaltools.gnu-tools-for-stm32.12.3.rel1.win32_1.1.0.202410251130/tools/bin/../lib/gcc/arm-none-eabi/12.3.1/../../../../arm-none-eabi/lib/thumb/v7e-m+fp/hard\libc_nano.a(libc_a-findfp.o)
 .text.cleanup_stdio
                0x08008574       0x40 C:/ST/STM32CubeIDE_1.15.1/STM32CubeIDE/plugins/com.st.stm32cube.ide.mcu.externaltools.gnu-tools-for-stm32.12.3.rel1.win32_1.1.0.202410251130/tools/bin/../lib/gcc/arm-none-eabi/12.3.1/../../../../arm-none-eabi/lib/thumb/v7e-m+fp/hard\libc_nano.a(libc_a-findfp.o)
 .text.global_stdio_init.part.0
                0x080085b4       0x3c C:/ST/STM32CubeIDE_1.15.1/STM32CubeIDE/plugins/com.st.stm32cube.ide.mcu.externaltools.gnu-tools-for-stm32.12.3.rel1.win32_1.1.0.202410251130/tools/bin/../lib/gcc/arm-none-eabi/12.3.1/../../../../arm-none-eabi/lib/thumb/v7e-m+fp/hard\libc_nano.a(libc_a-findfp.o)
 .text.__sfp_lock_acquire
                0x080085f0        0xc C:/ST/STM32CubeIDE_1.15.1/STM32CubeIDE/plugins/com.st.stm32cube.ide.mcu.externaltools.gnu-tools-for-stm32.12.3.rel1.win32_1.1.0.202410251130/tools/bin/../lib/gcc/arm-none-eabi/12.3.1/../../../../arm-none-eabi/lib/thumb/v7e-m+fp/hard\libc_nano.a(libc_a-findfp.o)
                0x080085f0                __sfp_lock_acquire
 .text.__sfp_lock_release
                0x080085fc        0xc C:/ST/STM32CubeIDE_1.15.1/STM32CubeIDE/plugins/com.st.stm32cube.ide.mcu.externaltools.gnu-tools-for-stm32.12.3.rel1.win32_1.1.0.202410251130/tools/bin/../lib/gcc/arm-none-eabi/12.3.1/../../../../arm-none-eabi/lib/thumb/v7e-m+fp/hard\libc_nano.a(libc_a-findfp.o)
                0x080085fc                __sfp_lock_release
 .text.__sinit  0x08008608       0x30 C:/ST/STM32CubeIDE_1.15.1/STM32CubeIDE/plugins/com.st.stm32cube.ide.mcu.externaltools.gnu-tools-for-stm32.12.3.rel1.win32_1.1.0.202410251130/tools/bin/../lib/gcc/arm-none-eabi/12.3.1/../../../../arm-none-eabi/lib/thumb/v7e-m+fp/hard\libc_nano.a(libc_a-findfp.o)
                0x08008608                __sinit
 .text._fwalk_sglue
                0x08008638       0x3c C:/ST/STM32CubeIDE_1.15.1/STM32CubeIDE/plugins/com.st.stm32cube.ide.mcu.externaltools.gnu-tools-for-stm32.12.3.rel1.win32_1.1.0.202410251130/tools/bin/../lib/gcc/arm-none-eabi/12.3.1/../../../../arm-none-eabi/lib/thumb/v7e-m+fp/hard\libc_nano.a(libc_a-fwalk.o)
                0x08008638                _fwalk_sglue
 .text.printf   0x08008674       0x24 C:/ST/STM32CubeIDE_1.15.1/STM32CubeIDE/plugins/com.st.stm32cube.ide.mcu.externaltools.gnu-tools-for-stm32.12.3.rel1.win32_1.1.0.202410251130/tools/bin/../lib/gcc/arm-none-eabi/12.3.1/../../../../arm-none-eabi/lib/thumb/v7e-m+fp/hard\libc_nano.a(libc_a-printf.o)
                0x08008674                iprintf
                0x08008674                printf
 .text.putchar  0x08008698       0x10 C:/ST/STM32CubeIDE_1.15.1/STM32CubeIDE/plugins/com.st.stm32cube.ide.mcu.externaltools.gnu-tools-for-stm32.12.3.rel1.win32_1.1.0.202410251130/tools/bin/../lib/gcc/arm-none-eabi/12.3.1/../../../../arm-none-eabi/lib/thumb/v7e-m+fp/hard\libc_nano.a(libc_a-putchar.o)
                0x08008698                putchar
 .text.__sread  0x080086a8       0x22 C:/ST/STM32CubeIDE_1.15.1/STM32CubeIDE/plugins/com.st.stm32cube.ide.mcu.externaltools.gnu-tools-for-stm32.12.3.rel1.win32_1.1.0.202410251130/tools/bin/../lib/gcc/arm-none-eabi/12.3.1/../../../../arm-none-eabi/lib/thumb/v7e-m+fp/hard\libc_nano.a(libc_a-stdio.o)
                0x080086a8                __sread
 .text.__swrite
                0x080086ca       0x38 C:/ST/STM32CubeIDE_1.15.1/STM32CubeIDE/plugins/com.st.stm32cube.ide.mcu.externaltools.gnu-tools-for-stm32.12.3.rel1.win32_1.1.0.202410251130/tools/bin/../lib/gcc/arm-none-eabi/12.3.1/../../../../arm-none-eabi/lib/thumb/v7e-m+fp/hard\libc_nano.a(libc_a-stdio.o)
                0x080086ca                __swrite
 .text.__sseek  0x08008702       0x24 C:/ST/STM32CubeIDE_1.15.1/STM32CubeIDE/plugins/com.st.stm32cube.ide.mcu.externaltools.gnu-tools-for-stm32.12.3.rel1.win32_1.1.0.202410251130/tools/bin/../lib/gcc/arm-none-eabi/12.3.1/../../../../arm-none-eabi/lib/thumb/v7e-m+fp/hard\libc_nano.a(libc_a-stdio.o)
                0x08008702                __sseek
 .text.__sclose
                0x08008726        0x8 C:/ST/STM32CubeIDE_1.15.1/STM32CubeIDE/plugins/com.st.stm32cube.ide.mcu.externaltools.gnu-tools-for-stm32.12.3.rel1.win32_1.1.0.202410251130/tools/bin/../lib/gcc/arm-none-eabi/12.3.1/../../../../arm-none-eabi/lib/thumb/v7e-m+fp/hard\libc_nano.a(libc_a-stdio.o)
                0x08008726                __sclose
 .text.memset   0x0800872e       0x10 C:/ST/STM32CubeIDE_1.15.1/STM32CubeIDE/plugins/com.st.stm32cube.ide.mcu.externaltools.gnu-tools-for-stm32.12.3.rel1.win32_1.1.0.202410251130/tools/bin/../lib/gcc/arm-none-eabi/12.3.1/../../../../arm-none-eabi/lib/thumb/v7e-m+fp/hard\libc_nano.a(libc_a-memset.o)
                0x0800872e                memset
 *fill*         0x0800873e        0x2 
 .text._close_r
                0x08008740       0x20 C:/ST/STM32CubeIDE_1.15.1/STM32CubeIDE/plugins/com.st.stm32cube.ide.mcu.externaltools.gnu-tools-for-stm32.12.3.rel1.win32_1.1.0.202410251130/tools/bin/../lib/gcc/arm-none-eabi/12.3.1/../../../../arm-none-eabi/lib/thumb/v7e-m+fp/hard\libc_nano.a(libc_a-closer.o)
                0x08008740                _close_r
 .text._lseek_r
                0x08008760       0x24 C:/ST/STM32CubeIDE_1.15.1/STM32CubeIDE/plugins/com.st.stm32cube.ide.mcu.externaltools.gnu-tools-for-stm32.12.3.rel1.win32_1.1.0.202410251130/tools/bin/../lib/gcc/arm-none-eabi/12.3.1/../../../../arm-none-eabi/lib/thumb/v7e-m+fp/hard\libc_nano.a(libc_a-lseekr.o)
                0x08008760                _lseek_r
 .text._read_r  0x08008784       0x24 C:/ST/STM32CubeIDE_1.15.1/STM32CubeIDE/plugins/com.st.stm32cube.ide.mcu.externaltools.gnu-tools-for-stm32.12.3.rel1.win32_1.1.0.202410251130/tools/bin/../lib/gcc/arm-none-eabi/12.3.1/../../../../arm-none-eabi/lib/thumb/v7e-m+fp/hard\libc_nano.a(libc_a-readr.o)
                0x08008784                _read_r
 .text._write_r
                0x080087a8       0x24 C:/ST/STM32CubeIDE_1.15.1/STM32CubeIDE/plugins/com.st.stm32cube.ide.mcu.externaltools.gnu-tools-for-stm32.12.3.rel1.win32_1.1.0.202410251130/tools/bin/../lib/gcc/arm-none-eabi/12.3.1/../../../../arm-none-eabi/lib/thumb/v7e-m+fp/hard\libc_nano.a(libc_a-writer.o)
                0x080087a8                _write_r
 .text.__errno  0x080087cc        0xc C:/ST/STM32CubeIDE_1.15.1/STM32CubeIDE/plugins/com.st.stm32cube.ide.mcu.externaltools.gnu-tools-for-stm32.12.3.rel1.win32_1.1.0.202410251130/tools/bin/../lib/gcc/arm-none-eabi/12.3.1/../../../../arm-none-eabi/lib/thumb/v7e-m+fp/hard\libc_nano.a(libc_a-errno.o)
                0x080087cc                __errno
 .text.__libc_init_array
                0x080087d8       0x48 C:/ST/STM32CubeIDE_1.15.1/STM32CubeIDE/plugins/com.st.stm32cube.ide.mcu.externaltools.gnu-tools-for-stm32.12.3.rel1.win32_1.1.0.202410251130/tools/bin/../lib/gcc/arm-none-eabi/12.3.1/../../../../arm-none-eabi/lib/thumb/v7e-m+fp/hard\libc_nano.a(libc_a-init.o)
                0x080087d8                __libc_init_array
 .text.__retarget_lock_init_recursive
                0x08008820        0x2 C:/ST/STM32CubeIDE_1.15.1/STM32CubeIDE/plugins/com.st.stm32cube.ide.mcu.externaltools.gnu-tools-for-stm32.12.3.rel1.win32_1.1.0.202410251130/tools/bin/../lib/gcc/arm-none-eabi/12.3.1/../../../../arm-none-eabi/lib/thumb/v7e-m+fp/hard\libc_nano.a(libc_a-lock.o)
                0x08008820                __retarget_lock_init_recursive
 .text.__retarget_lock_acquire_recursive
                0x08008822        0x2 C:/ST/STM32CubeIDE_1.15.1/STM32CubeIDE/plugins/com.st.stm32cube.ide.mcu.externaltools.gnu-tools-for-stm32.12.3.rel1.win32_1.1.0.202410251130/tools/bin/../lib/gcc/arm-none-eabi/12.3.1/../../../../arm-none-eabi/lib/thumb/v7e-m+fp/hard\libc_nano.a(libc_a-lock.o)
                0x08008822                __retarget_lock_acquire_recursive
 .text.__retarget_lock_release_recursive
                0x08008824        0x2 C:/ST/STM32CubeIDE_1.15.1/STM32CubeIDE/plugins/com.st.stm32cube.ide.mcu.externaltools.gnu-tools-for-stm32.12.3.rel1.win32_1.1.0.202410251130/tools/bin/../lib/gcc/arm-none-eabi/12.3.1/../../../../arm-none-eabi/lib/thumb/v7e-m+fp/hard\libc_nano.a(libc_a-lock.o)
                0x08008824                __retarget_lock_release_recursive
 .text.memcpy   0x08008826       0x1c C:/ST/STM32CubeIDE_1.15.1/STM32CubeIDE/plugins/com.st.stm32cube.ide.mcu.externaltools.gnu-tools-for-stm32.12.3.rel1.win32_1.1.0.202410251130/tools/bin/../lib/gcc/arm-none-eabi/12.3.1/../../../../arm-none-eabi/lib/thumb/v7e-m+fp/hard\libc_nano.a(libc_a-memcpy-stub.o)
                0x08008826                memcpy
 *fill*         0x08008842        0x2 
 .text._free_r  0x08008844       0x94 C:/ST/STM32CubeIDE_1.15.1/STM32CubeIDE/plugins/com.st.stm32cube.ide.mcu.externaltools.gnu-tools-for-stm32.12.3.rel1.win32_1.1.0.202410251130/tools/bin/../lib/gcc/arm-none-eabi/12.3.1/../../../../arm-none-eabi/lib/thumb/v7e-m+fp/hard\libc_nano.a(libc_a-freer.o)
                0x08008844                _free_r
 .text.sbrk_aligned
                0x080088d8       0x44 C:/ST/STM32CubeIDE_1.15.1/STM32CubeIDE/plugins/com.st.stm32cube.ide.mcu.externaltools.gnu-tools-for-stm32.12.3.rel1.win32_1.1.0.202410251130/tools/bin/../lib/gcc/arm-none-eabi/12.3.1/../../../../arm-none-eabi/lib/thumb/v7e-m+fp/hard\libc_nano.a(libc_a-mallocr.o)
 .text._malloc_r
                0x0800891c      0x100 C:/ST/STM32CubeIDE_1.15.1/STM32CubeIDE/plugins/com.st.stm32cube.ide.mcu.externaltools.gnu-tools-for-stm32.12.3.rel1.win32_1.1.0.202410251130/tools/bin/../lib/gcc/arm-none-eabi/12.3.1/../../../../arm-none-eabi/lib/thumb/v7e-m+fp/hard\libc_nano.a(libc_a-mallocr.o)
                0x0800891c                _malloc_r
 .text.__malloc_lock
                0x08008a1c        0xc C:/ST/STM32CubeIDE_1.15.1/STM32CubeIDE/plugins/com.st.stm32cube.ide.mcu.externaltools.gnu-tools-for-stm32.12.3.rel1.win32_1.1.0.202410251130/tools/bin/../lib/gcc/arm-none-eabi/12.3.1/../../../../arm-none-eabi/lib/thumb/v7e-m+fp/hard\libc_nano.a(libc_a-mlock.o)
                0x08008a1c                __malloc_lock
 .text.__malloc_unlock
                0x08008a28        0xc C:/ST/STM32CubeIDE_1.15.1/STM32CubeIDE/plugins/com.st.stm32cube.ide.mcu.externaltools.gnu-tools-for-stm32.12.3.rel1.win32_1.1.0.202410251130/tools/bin/../lib/gcc/arm-none-eabi/12.3.1/../../../../arm-none-eabi/lib/thumb/v7e-m+fp/hard\libc_nano.a(libc_a-mlock.o)
                0x08008a28                __malloc_unlock
 .text.__sfputc_r
                0x08008a34       0x2e C:/ST/STM32CubeIDE_1.15.1/STM32CubeIDE/plugins/com.st.stm32cube.ide.mcu.externaltools.gnu-tools-for-stm32.12.3.rel1.win32_1.1.0.202410251130/tools/bin/../lib/gcc/arm-none-eabi/12.3.1/../../../../arm-none-eabi/lib/thumb/v7e-m+fp/hard\libc_nano.a(libc_a-nano-vfprintf.o)
 .text.__sfputs_r
                0x08008a62       0x24 C:/ST/STM32CubeIDE_1.15.1/STM32CubeIDE/plugins/com.st.stm32cube.ide.mcu.externaltools.gnu-tools-for-stm32.12.3.rel1.win32_1.1.0.202410251130/tools/bin/../lib/gcc/arm-none-eabi/12.3.1/../../../../arm-none-eabi/lib/thumb/v7e-m+fp/hard\libc_nano.a(libc_a-nano-vfprintf.o)
                0x08008a62                __sfputs_r
 *fill*         0x08008a86        0x2 
 .text._vfprintf_r
                0x08008a88      0x230 C:/ST/STM32CubeIDE_1.15.1/STM32CubeIDE/plugins/com.st.stm32cube.ide.mcu.externaltools.gnu-tools-for-stm32.12.3.rel1.win32_1.1.0.202410251130/tools/bin/../lib/gcc/arm-none-eabi/12.3.1/../../../../arm-none-eabi/lib/thumb/v7e-m+fp/hard\libc_nano.a(libc_a-nano-vfprintf.o)
                0x08008a88                _vfprintf_r
                0x08008a88                _vfiprintf_r
 .text._printf_common
                0x08008cb8       0xda C:/ST/STM32CubeIDE_1.15.1/STM32CubeIDE/plugins/com.st.stm32cube.ide.mcu.externaltools.gnu-tools-for-stm32.12.3.rel1.win32_1.1.0.202410251130/tools/bin/../lib/gcc/arm-none-eabi/12.3.1/../../../../arm-none-eabi/lib/thumb/v7e-m+fp/hard\libc_nano.a(libc_a-nano-vfprintf_i.o)
                0x08008cb8                _printf_common
 *fill*         0x08008d92        0x2 
 .text._printf_i
                0x08008d94      0x240 C:/ST/STM32CubeIDE_1.15.1/STM32CubeIDE/plugins/com.st.stm32cube.ide.mcu.externaltools.gnu-tools-for-stm32.12.3.rel1.win32_1.1.0.202410251130/tools/bin/../lib/gcc/arm-none-eabi/12.3.1/../../../../arm-none-eabi/lib/thumb/v7e-m+fp/hard\libc_nano.a(libc_a-nano-vfprintf_i.o)
                0x08008d94                _printf_i
 .text.__sflush_r
                0x08008fd4      0x108 C:/ST/STM32CubeIDE_1.15.1/STM32CubeIDE/plugins/com.st.stm32cube.ide.mcu.externaltools.gnu-tools-for-stm32.12.3.rel1.win32_1.1.0.202410251130/tools/bin/../lib/gcc/arm-none-eabi/12.3.1/../../../../arm-none-eabi/lib/thumb/v7e-m+fp/hard\libc_nano.a(libc_a-fflush.o)
                0x08008fd4                __sflush_r
 .text._fflush_r
                0x080090dc       0x50 C:/ST/STM32CubeIDE_1.15.1/STM32CubeIDE/plugins/com.st.stm32cube.ide.mcu.externaltools.gnu-tools-for-stm32.12.3.rel1.win32_1.1.0.202410251130/tools/bin/../lib/gcc/arm-none-eabi/12.3.1/../../../../arm-none-eabi/lib/thumb/v7e-m+fp/hard\libc_nano.a(libc_a-fflush.o)
                0x080090dc                _fflush_r
 .text._putc_r  0x0800912c       0x68 C:/ST/STM32CubeIDE_1.15.1/STM32CubeIDE/plugins/com.st.stm32cube.ide.mcu.externaltools.gnu-tools-for-stm32.12.3.rel1.win32_1.1.0.202410251130/tools/bin/../lib/gcc/arm-none-eabi/12.3.1/../../../../arm-none-eabi/lib/thumb/v7e-m+fp/hard\libc_nano.a(libc_a-putc.o)
                0x0800912c                _putc_r
 .text.__swbuf_r
                0x08009194       0x7c C:/ST/STM32CubeIDE_1.15.1/STM32CubeIDE/plugins/com.st.stm32cube.ide.mcu.externaltools.gnu-tools-for-stm32.12.3.rel1.win32_1.1.0.202410251130/tools/bin/../lib/gcc/arm-none-eabi/12.3.1/../../../../arm-none-eabi/lib/thumb/v7e-m+fp/hard\libc_nano.a(libc_a-wbuf.o)
                0x08009194                __swbuf_r
 .text.__swsetup_r
                0x08009210       0xac C:/ST/STM32CubeIDE_1.15.1/STM32CubeIDE/plugins/com.st.stm32cube.ide.mcu.externaltools.gnu-tools-for-stm32.12.3.rel1.win32_1.1.0.202410251130/tools/bin/../lib/gcc/arm-none-eabi/12.3.1/../../../../arm-none-eabi/lib/thumb/v7e-m+fp/hard\libc_nano.a(libc_a-wsetup.o)
                0x08009210                __swsetup_r
 .text._sbrk_r  0x080092bc       0x20 C:/ST/STM32CubeIDE_1.15.1/STM32CubeIDE/plugins/com.st.stm32cube.ide.mcu.externaltools.gnu-tools-for-stm32.12.3.rel1.win32_1.1.0.202410251130/tools/bin/../lib/gcc/arm-none-eabi/12.3.1/../../../../arm-none-eabi/lib/thumb/v7e-m+fp/hard\libc_nano.a(libc_a-sbrkr.o)
                0x080092bc                _sbrk_r
 .text.__swhatbuf_r
                0x080092dc       0x4c C:/ST/STM32CubeIDE_1.15.1/STM32CubeIDE/plugins/com.st.stm32cube.ide.mcu.externaltools.gnu-tools-for-stm32.12.3.rel1.win32_1.1.0.202410251130/tools/bin/../lib/gcc/arm-none-eabi/12.3.1/../../../../arm-none-eabi/lib/thumb/v7e-m+fp/hard\libc_nano.a(libc_a-makebuf.o)
                0x080092dc                __swhatbuf_r
 .text.__smakebuf_r
                0x08009328       0x78 C:/ST/STM32CubeIDE_1.15.1/STM32CubeIDE/plugins/com.st.stm32cube.ide.mcu.externaltools.gnu-tools-for-stm32.12.3.rel1.win32_1.1.0.202410251130/tools/bin/../lib/gcc/arm-none-eabi/12.3.1/../../../../arm-none-eabi/lib/thumb/v7e-m+fp/hard\libc_nano.a(libc_a-makebuf.o)
                0x08009328                __smakebuf_r
 .text._fstat_r
                0x080093a0       0x24 C:/ST/STM32CubeIDE_1.15.1/STM32CubeIDE/plugins/com.st.stm32cube.ide.mcu.externaltools.gnu-tools-for-stm32.12.3.rel1.win32_1.1.0.202410251130/tools/bin/../lib/gcc/arm-none-eabi/12.3.1/../../../../arm-none-eabi/lib/thumb/v7e-m+fp/hard\libc_nano.a(libc_a-fstatr.o)
                0x080093a0                _fstat_r
 .text._isatty_r
                0x080093c4       0x20 C:/ST/STM32CubeIDE_1.15.1/STM32CubeIDE/plugins/com.st.stm32cube.ide.mcu.externaltools.gnu-tools-for-stm32.12.3.rel1.win32_1.1.0.202410251130/tools/bin/../lib/gcc/arm-none-eabi/12.3.1/../../../../arm-none-eabi/lib/thumb/v7e-m+fp/hard\libc_nano.a(libc_a-isattyr.o)
                0x080093c4                _isatty_r
 *(.glue_7)
 .glue_7        0x080093e4        0x0 linker stubs
 *(.glue_7t)
 .glue_7t       0x080093e4        0x0 linker stubs
 *(.eh_frame)
 .eh_frame      0x080093e4        0x0 C:/ST/STM32CubeIDE_1.15.1/STM32CubeIDE/plugins/com.st.stm32cube.ide.mcu.externaltools.gnu-tools-for-stm32.12.3.rel1.win32_1.1.0.202410251130/tools/bin/../lib/gcc/arm-none-eabi/12.3.1/thumb/v7e-m+fp/hard/crtbegin.o
 *(.init)
 .init          0x080093e4        0x4 C:/ST/STM32CubeIDE_1.15.1/STM32CubeIDE/plugins/com.st.stm32cube.ide.mcu.externaltools.gnu-tools-for-stm32.12.3.rel1.win32_1.1.0.202410251130/tools/bin/../lib/gcc/arm-none-eabi/12.3.1/thumb/v7e-m+fp/hard/crti.o
                0x080093e4                _init
 .init          0x080093e8        0x8 C:/ST/STM32CubeIDE_1.15.1/STM32CubeIDE/plugins/com.st.stm32cube.ide.mcu.externaltools.gnu-tools-for-stm32.12.3.rel1.win32_1.1.0.202410251130/tools/bin/../lib/gcc/arm-none-eabi/12.3.1/thumb/v7e-m+fp/hard/crtn.o
 *(.fini)
 .fini          0x080093f0        0x4 C:/ST/STM32CubeIDE_1.15.1/STM32CubeIDE/plugins/com.st.stm32cube.ide.mcu.externaltools.gnu-tools-for-stm32.12.3.rel1.win32_1.1.0.202410251130/tools/bin/../lib/gcc/arm-none-eabi/12.3.1/thumb/v7e-m+fp/hard/crti.o
                0x080093f0                _fini
 .fini          0x080093f4        0x8 C:/ST/STM32CubeIDE_1.15.1/STM32CubeIDE/plugins/com.st.stm32cube.ide.mcu.externaltools.gnu-tools-for-stm32.12.3.rel1.win32_1.1.0.202410251130/tools/bin/../lib/gcc/arm-none-eabi/12.3.1/thumb/v7e-m+fp/hard/crtn.o
                0x080093fc                        . = ALIGN (0x4)
                0x080093fc                        _etext = .

.vfp11_veneer   0x080093fc        0x0
 .vfp11_veneer  0x080093fc        0x0 linker stubs

.v4_bx          0x080093fc        0x0
 .v4_bx         0x080093fc        0x0 linker stubs

.iplt           0x080093fc        0x0
 .iplt          0x080093fc        0x0 C:/ST/STM32CubeIDE_1.15.1/STM32CubeIDE/plugins/com.st.stm32cube.ide.mcu.externaltools.gnu-tools-for-stm32.12.3.rel1.win32_1.1.0.202410251130/tools/bin/../lib/gcc/arm-none-eabi/12.3.1/thumb/v7e-m+fp/hard/crtbegin.o

.rodata         0x080093fc      0x330
                0x080093fc                        . = ALIGN (0x4)
 *(.rodata)
 .rodata        0x080093fc       0x1b ./Core/Src/app_debug.o
 *fill*         0x08009417        0x1 
 .rodata        0x08009418        0x9 ./Core/Src/main.o
 *fill*         0x08009421        0x3 
 .rodata        0x08009424       0x20 ./Drivers/STM32WBxx_HAL_Driver/Src/stm32wbxx_hal_rcc.o
 .rodata        0x08009444       0x45 ./STM32_WPAN/App/app_ble.o
 *fill*         0x08009489        0x3 
 .rodata        0x0800948c       0x2a ./STM32_WPAN/App/custom_stm.o
 *(.rodata*)
 *fill*         0x080094b6        0x2 
 .rodata.aGpioConfigList
                0x080094b8      0x130 ./Core/Src/app_debug.o
 .rodata.AHBPrescTable
                0x080095e8       0x40 ./Core/Src/system_stm32wbxx.o
                0x080095e8                AHBPrescTable
 .rodata.APBPrescTable
                0x08009628       0x20 ./Core/Src/system_stm32wbxx.o
                0x08009628                APBPrescTable
 .rodata.MSIRangeTable
                0x08009648       0x40 ./Core/Src/system_stm32wbxx.o
                0x08009648                MSIRangeTable
 .rodata.LED_PIN
                0x08009688        0x6 ./Drivers/BSP/NUCLEO-WB15CC/nucleo_wb15cc.o
 *fill*         0x0800968e        0x2 
 .rodata.BUTTON_PIN
                0x08009690        0x6 ./Drivers/BSP/NUCLEO-WB15CC/nucleo_wb15cc.o
 *fill*         0x08009696        0x2 
 .rodata.BUTTON_IRQn
                0x08009698        0x3 ./Drivers/BSP/NUCLEO-WB15CC/nucleo_wb15cc.o
 *fill*         0x0800969b        0x1 
 .rodata.button_exti_line.2
                0x0800969c        0xc ./Drivers/BSP/NUCLEO-WB15CC/nucleo_wb15cc.o
 .rodata.UARTPrescTable
                0x080096a8       0x18 ./Drivers/STM32WBxx_HAL_Driver/Src/stm32wbxx_hal_uart.o
                0x080096a8                UARTPrescTable
 .rodata.numerator.1
                0x080096c0        0x8 ./Drivers/STM32WBxx_HAL_Driver/Src/stm32wbxx_hal_uart_ex.o
 .rodata.denominator.0
                0x080096c8        0x8 ./Drivers/STM32WBxx_HAL_Driver/Src/stm32wbxx_hal_uart_ex.o
 .rodata.a_MBdAddr
                0x080096d0        0x6 ./STM32_WPAN/App/app_ble.o
 *fill*         0x080096d6        0x2 
 .rodata.a_BLE_CfgIrValue
                0x080096d8       0x10 ./STM32_WPAN/App/app_ble.o
 .rodata.a_BLE_CfgErValue
                0x080096e8       0x10 ./STM32_WPAN/App/app_ble.o
 .rodata._vfprintf_r.str1.1
                0x080096f8       0x11 C:/ST/STM32CubeIDE_1.15.1/STM32CubeIDE/plugins/com.st.stm32cube.ide.mcu.externaltools.gnu-tools-for-stm32.12.3.rel1.win32_1.1.0.202410251130/tools/bin/../lib/gcc/arm-none-eabi/12.3.1/../../../../arm-none-eabi/lib/thumb/v7e-m+fp/hard\libc_nano.a(libc_a-nano-vfprintf.o)
 .rodata._printf_i.str1.1
                0x08009709       0x22 C:/ST/STM32CubeIDE_1.15.1/STM32CubeIDE/plugins/com.st.stm32cube.ide.mcu.externaltools.gnu-tools-for-stm32.12.3.rel1.win32_1.1.0.202410251130/tools/bin/../lib/gcc/arm-none-eabi/12.3.1/../../../../arm-none-eabi/lib/thumb/v7e-m+fp/hard\libc_nano.a(libc_a-nano-vfprintf_i.o)
                0x0800972c                        . = ALIGN (0x4)
 *fill*         0x0800972b        0x1 

.ARM.extab
 *(.ARM.extab* .gnu.linkonce.armextab.*)

.ARM            0x0800972c        0x8
                0x0800972c                        __exidx_start = .
 *(.ARM.exidx*)
 .ARM.exidx     0x0800972c        0x8 C:/ST/STM32CubeIDE_1.15.1/STM32CubeIDE/plugins/com.st.stm32cube.ide.mcu.externaltools.gnu-tools-for-stm32.12.3.rel1.win32_1.1.0.202410251130/tools/bin/../lib/gcc/arm-none-eabi/12.3.1/../../../../arm-none-eabi/lib/thumb/v7e-m+fp/hard\libc_nano.a(libc_a-strlen.o)
 .ARM.exidx     0x08009734        0x0 C:/ST/STM32CubeIDE_1.15.1/STM32CubeIDE/plugins/com.st.stm32cube.ide.mcu.externaltools.gnu-tools-for-stm32.12.3.rel1.win32_1.1.0.202410251130/tools/bin/../lib/gcc/arm-none-eabi/12.3.1/../../../../arm-none-eabi/lib/thumb/v7e-m+fp/hard\libc_nano.a(libc_a-memchr.o)
                                  0x8 (size before relaxing)
 .ARM.exidx     0x08009734        0x0 C:/ST/STM32CubeIDE_1.15.1/STM32CubeIDE/plugins/com.st.stm32cube.ide.mcu.externaltools.gnu-tools-for-stm32.12.3.rel1.win32_1.1.0.202410251130/tools/bin/../lib/gcc/arm-none-eabi/12.3.1/thumb/v7e-m+fp/hard\libgcc.a(_udivmoddi4.o)
                                  0x8 (size before relaxing)
                0x08009734                        __exidx_end = .

.preinit_array  0x08009734        0x0
                0x08009734                        PROVIDE (__preinit_array_start = .)
 *(.preinit_array*)
                0x08009734                        PROVIDE (__preinit_array_end = .)

.init_array     0x08009734        0x4
                0x08009734                        PROVIDE (__init_array_start = .)
 *(SORT_BY_NAME(.init_array.*))
 *(.init_array*)
 .init_array    0x08009734        0x4 C:/ST/STM32CubeIDE_1.15.1/STM32CubeIDE/plugins/com.st.stm32cube.ide.mcu.externaltools.gnu-tools-for-stm32.12.3.rel1.win32_1.1.0.202410251130/tools/bin/../lib/gcc/arm-none-eabi/12.3.1/thumb/v7e-m+fp/hard/crtbegin.o
                0x08009738                        PROVIDE (__init_array_end = .)

.fini_array     0x08009738        0x4
                [!provide]                        PROVIDE (__fini_array_start = .)
 *(SORT_BY_NAME(.fini_array.*))
 *(.fini_array*)
 .fini_array    0x08009738        0x4 C:/ST/STM32CubeIDE_1.15.1/STM32CubeIDE/plugins/com.st.stm32cube.ide.mcu.externaltools.gnu-tools-for-stm32.12.3.rel1.win32_1.1.0.202410251130/tools/bin/../lib/gcc/arm-none-eabi/12.3.1/thumb/v7e-m+fp/hard/crtbegin.o
                [!provide]                        PROVIDE (__fini_array_end = .)
                0x0800973c                        _sidata = LOADADDR (.data)

.rel.dyn        0x0800973c        0x0
 .rel.iplt      0x0800973c        0x0 C:/ST/STM32CubeIDE_1.15.1/STM32CubeIDE/plugins/com.st.stm32cube.ide.mcu.externaltools.gnu-tools-for-stm32.12.3.rel1.win32_1.1.0.202410251130/tools/bin/../lib/gcc/arm-none-eabi/12.3.1/thumb/v7e-m+fp/hard/crtbegin.o

.data           0x20000008       0xbc load address 0x0800973c
                0x20000008                        . = ALIGN (0x4)
                0x20000008                        _sdata = .
 *(.data)
 *(.data*)
 .data.STBY_DebugGpioaPinList
                0x20000008        0x2 ./Core/Src/standby.o
                0x20000008                STBY_DebugGpioaPinList
 .data.STBY_DebugGpiobPinList
                0x2000000a        0x2 ./Core/Src/standby.o
                0x2000000a                STBY_DebugGpiobPinList
 .data.STBY_DebugGpiocPinList
                0x2000000c        0x2 ./Core/Src/standby.o
                0x2000000c                STBY_DebugGpiocPinList
 .data.STBY_DtbGpioaPinList
                0x2000000e        0x2 ./Core/Src/standby.o
                0x2000000e                STBY_DtbGpioaPinList
 .data.STBY_DtbGpiobPinList
                0x20000010        0x2 ./Core/Src/standby.o
                0x20000010                STBY_DtbGpiobPinList
 *fill*         0x20000012        0x2 
 .data.SystemCoreClock
                0x20000014        0x4 ./Core/Src/system_stm32wbxx.o
                0x20000014                SystemCoreClock
 .data.LED_PORT
                0x20000018        0xc ./Drivers/BSP/NUCLEO-WB15CC/nucleo_wb15cc.o
 .data.BUTTON_PORT
                0x20000024        0xc ./Drivers/BSP/NUCLEO-WB15CC/nucleo_wb15cc.o
 .data.button_callback.1
                0x20000030        0xc ./Drivers/BSP/NUCLEO-WB15CC/nucleo_wb15cc.o
 .data.button_interrupt_priority.0
                0x2000003c        0xc ./Drivers/BSP/NUCLEO-WB15CC/nucleo_wb15cc.o
 .data.uwTickPrio
                0x20000048        0x4 ./Drivers/STM32WBxx_HAL_Driver/Src/stm32wbxx_hal.o
                0x20000048                uwTickPrio
 .data.uwTickFreq
                0x2000004c        0x1 ./Drivers/STM32WBxx_HAL_Driver/Src/stm32wbxx_hal.o
                0x2000004c                uwTickFreq
 *fill*         0x2000004d        0x3 
 .data.a_AdvData
                0x20000050        0xe ./STM32_WPAN/App/app_ble.o
                0x20000050                a_AdvData
 .data.SizeMycharwrite
                0x2000005e        0x2 ./STM32_WPAN/App/custom_stm.o
                0x2000005e                SizeMycharwrite
 .data.TaskMask
                0x20000060        0x4 ./Utilities/sequencer/stm32_seq.o
 .data.SuperMask
                0x20000064        0x4 ./Utilities/sequencer/stm32_seq.o
 .data.__sglue  0x20000068        0xc C:/ST/STM32CubeIDE_1.15.1/STM32CubeIDE/plugins/com.st.stm32cube.ide.mcu.externaltools.gnu-tools-for-stm32.12.3.rel1.win32_1.1.0.202410251130/tools/bin/../lib/gcc/arm-none-eabi/12.3.1/../../../../arm-none-eabi/lib/thumb/v7e-m+fp/hard\libc_nano.a(libc_a-findfp.o)
                0x20000068                __sglue
 .data._impure_ptr
                0x20000074        0x4 C:/ST/STM32CubeIDE_1.15.1/STM32CubeIDE/plugins/com.st.stm32cube.ide.mcu.externaltools.gnu-tools-for-stm32.12.3.rel1.win32_1.1.0.202410251130/tools/bin/../lib/gcc/arm-none-eabi/12.3.1/../../../../arm-none-eabi/lib/thumb/v7e-m+fp/hard\libc_nano.a(libc_a-impure.o)
                0x20000074                _impure_ptr
 .data._impure_data
                0x20000078       0x4c C:/ST/STM32CubeIDE_1.15.1/STM32CubeIDE/plugins/com.st.stm32cube.ide.mcu.externaltools.gnu-tools-for-stm32.12.3.rel1.win32_1.1.0.202410251130/tools/bin/../lib/gcc/arm-none-eabi/12.3.1/../../../../arm-none-eabi/lib/thumb/v7e-m+fp/hard\libc_nano.a(libc_a-impure.o)
                0x20000078                _impure_data
 *(.RamFunc)
 *(.RamFunc*)
                0x200000c4                        . = ALIGN (0x4)
                0x200000c4                        _edata = .

.igot.plt       0x200000c4        0x0 load address 0x080097f8
 .igot.plt      0x200000c4        0x0 C:/ST/STM32CubeIDE_1.15.1/STM32CubeIDE/plugins/com.st.stm32cube.ide.mcu.externaltools.gnu-tools-for-stm32.12.3.rel1.win32_1.1.0.202410251130/tools/bin/../lib/gcc/arm-none-eabi/12.3.1/thumb/v7e-m+fp/hard/crtbegin.o

BLE_DRIVER_CONTEXT
                0x200000c4       0x35 load address 0x080097f8
 BLE_DRIVER_CONTEXT
                0x200000c4       0x21 ./Middlewares/ST/STM32_WPAN/ble/svc/Src/svc_ctl.o
                0x200000c4                SVCCTL_EvtHandler
                0x200000e4                SVCCTL_CltHandler
 *fill*         0x200000e5        0x3 
 BLE_DRIVER_CONTEXT
                0x200000e8       0x11 ./Middlewares/ST/STM32_WPAN/interface/patterns/ble_thread/tl/hci_tl.o
                0x200000f8                UserEventFlow

SYSTEM_DRIVER_CONTEXT