../Drivers/STM32WBxx_HAL_Driver/Inc/stm32wbxx_ll_rcc.h:1679:22:LL_RCC_LSE_SetDriveCapability	16	static
../Drivers/STM32WBxx_HAL_Driver/Inc/stm32wbxx_ll_bus.h:539:22:LL_AHB2_GRP1_EnableClock	24	static
../Core/Src/main.c:71:5:__io_putchar	16	static
../Core/Src/main.c:87:5:main	16	static
../Core/Src/main.c:161:6:SystemClock_Config	104	static
../Core/Src/main.c:215:6:PeriphCommonClock_Config	56	static
../Core/Src/main.c:240:13:MX_IPCC_Init	8	static
../Core/Src/main.c:266:13:MX_RF_Init	4	static
../Core/Src/main.c:287:13:MX_RTC_Init	8	static
../Core/Src/main.c:329:13:MX_TIM1_Init	40	static
../Core/Src/main.c:376:13:MX_USART1_UART_Init	8	static
../Core/Src/main.c:424:13:MX_GPIO_Init	8	static
../Core/Src/main.c:439:6:HAL_TIM_PeriodElapsedCallback	16	static
../Core/Src/main.c:452:6:Error_Handler	4	static,ignoring_inline_asm
