../Drivers/STM32WBxx_HAL_Driver/Inc/stm32wbxx_ll_rcc.h:1679:22:LL_RCC_LSE_SetDriveCapability	16	static
../Drivers/STM32WBxx_HAL_Driver/Inc/stm32wbxx_ll_bus.h:539:22:LL_AHB2_GRP1_EnableClock	24	static
../Core/Src/main.c:68:5:__io_putchar	16	static
../Core/Src/main.c:84:5:main	8	static
../Core/Src/main.c:155:6:SystemClock_Config	104	static
../Core/Src/main.c:209:6:PeriphCommonClock_Config	56	static
../Core/Src/main.c:234:13:MX_IPCC_Init	8	static
../Core/Src/main.c:260:13:MX_RF_Init	4	static
../Core/Src/main.c:281:13:MX_RTC_Init	8	static
../Core/Src/main.c:323:13:MX_USART1_UART_Init	8	static
../Core/Src/main.c:371:13:MX_GPIO_Init	8	static
../Core/Src/main.c:393:6:Error_Handler	4	static,ignoring_inline_asm
